Component: ARM Compiler 5.06 update 5 (build 528) Tool: armlink [4d35e2]

==============================================================================

Section Cross References

    startup_stm32g431xx.o(RESET) refers to startup_stm32g431xx.o(STACK) for __initial_sp
    startup_stm32g431xx.o(RESET) refers to startup_stm32g431xx.o(.text) for Reset_Handler
    startup_stm32g431xx.o(RESET) refers to stm32g4xx_mc_it.o(i.HardFault_Handler) for HardFault_Handler
    startup_stm32g431xx.o(RESET) refers to stm32g4xx_mc_it.o(i.SysTick_Handler) for SysTick_Handler
    startup_stm32g431xx.o(RESET) refers to stm32g4xx_mc_it.o(i.ADC1_2_IRQHandler) for ADC1_2_IRQHandler
    startup_stm32g431xx.o(RESET) refers to stm32g4xx_mc_it.o(i.TIM1_BRK_TIM15_IRQHandler) for TIM1_BRK_TIM15_IRQHandler
    startup_stm32g431xx.o(RESET) refers to stm32g4xx_mc_it.o(i.TIM1_UP_TIM16_IRQHandler) for TIM1_UP_TIM16_IRQHandler
    startup_stm32g431xx.o(RESET) refers to stm32g4xx_mc_it.o(i.USART2_IRQHandler) for USART2_IRQHandler
    startup_stm32g431xx.o(RESET) refers to stm32g4xx_mc_it.o(i.EXTI15_10_IRQHandler) for EXTI15_10_IRQHandler
    startup_stm32g431xx.o(.text) refers to system_stm32g4xx.o(i.SystemInit) for SystemInit
    startup_stm32g431xx.o(.text) refers to entry.o(.ARM.Collect$$$$00000000) for __main
    main.o(i.MX_TIM1_Init) refers to stm32g4xx_ll_gpio.o(i.LL_GPIO_Init) for LL_GPIO_Init
    main.o(i.MX_TIM1_Init) refers to stm32g4xx_ll_tim.o(i.LL_TIM_Init) for LL_TIM_Init
    main.o(i.MX_TIM1_Init) refers to stm32g4xx_ll_tim.o(i.LL_TIM_OC_Init) for LL_TIM_OC_Init
    main.o(i.MX_TIM1_Init) refers to stm32g4xx_ll_tim.o(i.LL_TIM_BDTR_Init) for LL_TIM_BDTR_Init
    main.o(i.MX_TIM1_Init) refers to main.o(.constdata) for .constdata
    main.o(i.SystemClock_Config) refers to stm32g4xx_ll_utils.o(i.LL_SetSystemCoreClock) for LL_SetSystemCoreClock
    main.o(i.SystemClock_Config) refers to stm32g4xx_hal.o(i.HAL_InitTick) for HAL_InitTick
    main.o(i.main) refers to stm32g4xx_hal.o(i.HAL_Init) for HAL_Init
    main.o(i.main) refers to main.o(i.SystemClock_Config) for SystemClock_Config
    main.o(i.main) refers to stm32g4xx_ll_exti.o(i.LL_EXTI_Init) for LL_EXTI_Init
    main.o(i.main) refers to stm32g4xx_ll_gpio.o(i.LL_GPIO_Init) for LL_GPIO_Init
    main.o(i.main) refers to stm32g4xx_ll_adc.o(i.LL_ADC_Init) for LL_ADC_Init
    main.o(i.main) refers to stm32g4xx_ll_adc.o(i.LL_ADC_REG_Init) for LL_ADC_REG_Init
    main.o(i.main) refers to stm32g4xx_ll_adc.o(i.LL_ADC_CommonInit) for LL_ADC_CommonInit
    main.o(i.main) refers to stm32g4xx_ll_adc.o(i.LL_ADC_INJ_Init) for LL_ADC_INJ_Init
    main.o(i.main) refers to system_stm32g4xx.o(.data) for SystemCoreClock
    main.o(i.main) refers to stm32g4xx_ll_dac.o(i.LL_DAC_Init) for LL_DAC_Init
    main.o(i.main) refers to main.o(i.MX_TIM1_Init) for MX_TIM1_Init
    main.o(i.main) refers to stm32g4xx_ll_usart.o(i.LL_USART_Init) for LL_USART_Init
    main.o(i.main) refers to motorcontrol.o(i.MX_MotorControl_Init) for MX_MotorControl_Init
    motorcontrol.o(i.MX_MotorControl_Init) refers to stm32g4xx_hal_rcc.o(i.HAL_RCC_GetHCLKFreq) for HAL_RCC_GetHCLKFreq
    motorcontrol.o(i.MX_MotorControl_Init) refers to stm32g4xx_hal_cortex.o(i.HAL_SYSTICK_Config) for HAL_SYSTICK_Config
    motorcontrol.o(i.MX_MotorControl_Init) refers to mc_tasks.o(i.MCboot) for MCboot
    motorcontrol.o(i.MX_MotorControl_Init) refers to mc_tasks.o(i.mc_lock_pins) for mc_lock_pins
    motorcontrol.o(i.MX_MotorControl_Init) refers to ui_task.o(i.UI_TaskInit) for UI_TaskInit
    motorcontrol.o(i.MX_MotorControl_Init) refers to motorcontrol.o(.data) for .data
    motorcontrol.o(i.MX_MotorControl_Init) refers to motorcontrol.o(.constdata) for .constdata
    mc_api.o(i.MC_AcknowledgeFaultMotor1) refers to mc_interface.o(i.MCI_FaultAcknowledged) for MCI_FaultAcknowledged
    mc_api.o(i.MC_AcknowledgeFaultMotor1) refers to motorcontrol.o(.data) for pMCI
    mc_api.o(i.MC_Clear_IqdrefMotor1) refers to mc_interface.o(i.MCI_Clear_Iqdref) for MCI_Clear_Iqdref
    mc_api.o(i.MC_Clear_IqdrefMotor1) refers to motorcontrol.o(.data) for pMCI
    mc_api.o(i.MC_GetCommandStateMotor1) refers to mc_interface.o(i.MCI_IsCommandAcknowledged) for MCI_IsCommandAcknowledged
    mc_api.o(i.MC_GetCommandStateMotor1) refers to motorcontrol.o(.data) for pMCI
    mc_api.o(i.MC_GetControlModeMotor1) refers to mc_interface.o(i.MCI_GetControlMode) for MCI_GetControlMode
    mc_api.o(i.MC_GetControlModeMotor1) refers to motorcontrol.o(.data) for pMCI
    mc_api.o(i.MC_GetCurrentFaultsMotor1) refers to mc_interface.o(i.MCI_GetCurrentFaults) for MCI_GetCurrentFaults
    mc_api.o(i.MC_GetCurrentFaultsMotor1) refers to motorcontrol.o(.data) for pMCI
    mc_api.o(i.MC_GetElAngledppMotor1) refers to mc_interface.o(i.MCI_GetElAngledpp) for MCI_GetElAngledpp
    mc_api.o(i.MC_GetElAngledppMotor1) refers to motorcontrol.o(.data) for pMCI
    mc_api.o(i.MC_GetIabMotor1) refers to mc_interface.o(i.MCI_GetIab) for MCI_GetIab
[...]
    i.VSS_SetMecAcceleration                 0x08005e68   Section        0  virtual_speed_sensor.o(i.VSS_SetMecAcceleration)
    i.VSS_SetMecAngle                        0x08005ee4   Section        0  virtual_speed_sensor.o(i.VSS_SetMecAngle)
    i.VSS_SetStartTransition                 0x08005ef2   Section        0  virtual_speed_sensor.o(i.VSS_SetStartTransition)
    i.VSS_TransitionEnded                    0x08005f0e   Section        0  virtual_speed_sensor.o(i.VSS_TransitionEnded)
    i.__scatterload_copy                     0x08005f14   Section       14  handlers.o(i.__scatterload_copy)
    i.__scatterload_null                     0x08005f22   Section        2  handlers.o(i.__scatterload_null)
    i.__scatterload_zeroinit                 0x08005f24   Section       14  handlers.o(i.__scatterload_zeroinit)
    i.getScalingFactor                       0x08005f34   Section        0  ramp_ext_mngr.o(i.getScalingFactor)
    i.main                                   0x08005f5c   Section        0  main.o(i.main)
    i.mc_lock_pins                           0x08006734   Section        0  mc_tasks.o(i.mc_lock_pins)
    i.startTimers                            0x08006800   Section        0  pwm_common.o(i.startTimers)
    i.waitForPolarizationEnd                 0x0800686c   Section        0  pwm_common.o(i.waitForPolarizationEnd)
    .constdata                               0x080068cc   Section       20  main.o(.constdata)
    OFFSET_TAB_CCMRx                         0x080068cc   Data          10  main.o(.constdata)
    SHIFT_TAB_OCxx                           0x080068d6   Data          10  main.o(.constdata)
    .constdata                               0x080068e0   Section       32  motorcontrol.o(.constdata)
    .constdata                               0x08006900   Section        2  mc_tasks.o(.constdata)
    .constdata                               0x08006904   Section      196  mc_parameters.o(.constdata)
    .constdata                               0x080069c8   Section       48  stm32g4xx_ll_usart.o(.constdata)
    USART_PRESCALER_TAB                      0x080069c8   Data          48  stm32g4xx_ll_usart.o(.constdata)
    .constdata                               0x080069f8   Section       16  system_stm32g4xx.o(.constdata)
    .constdata                               0x08006a08   Section        8  system_stm32g4xx.o(.constdata)
    .constdata                               0x08006a10   Section       20  r3_2_g4xx_pwm_curr_fdbk.o(.constdata)
    OFFSET_TAB_CCMRx                         0x08006a10   Data          10  r3_2_g4xx_pwm_curr_fdbk.o(.constdata)
    SHIFT_TAB_OCxx                           0x08006a1a   Data          10  r3_2_g4xx_pwm_curr_fdbk.o(.constdata)
    .constdata                               0x08006a24   Section        6  usart_frame_communication_protocol.o(.constdata)
    UFCP_Usart_Timeout_none                  0x08006a24   Data           2  usart_frame_communication_protocol.o(.constdata)
    UFCP_Usart_Timeout_start                 0x08006a26   Data           2  usart_frame_communication_protocol.o(.constdata)
    UFCP_Usart_Timeout_stop                  0x08006a28   Data           2  usart_frame_communication_protocol.o(.constdata)
    .data                                    0x20000000   Section       12  motorcontrol.o(.data)
    .data                                    0x2000000c   Section        8  motor_control_protocol.o(.data)
    .data                                    0x20000014   Section      276  mc_config.o(.data)
    .data                                    0x20000128   Section       44  mc_config.o(.data)
    .data                                    0x20000154   Section       44  mc_config.o(.data)
    .data                                    0x20000180   Section       44  mc_config.o(.data)
    .data                                    0x200001ac   Section       52  mc_config.o(.data)
    .data                                    0x200001e0   Section      120  mc_config.o(.data)
    .data                                    0x20000258   Section      124  mc_config.o(.data)
    .data                                    0x200002d4   Section       56  mc_config.o(.data)
    .data                                    0x2000030c   Section      296  mc_config.o(.data)
    .data                                    0x20000434   Section       20  mc_config.o(.data)
    .data                                    0x20000448   Section       40  mc_config.o(.data)
    .data                                    0x20000470   Section       40  mc_config.o(.data)
    .data                                    0x20000498   Section       48  mc_config.o(.data)
    .data                                    0x200004c8   Section       60  mc_config.o(.data)
    .data                                    0x20000504   Section       24  mc_config.o(.data)
    .data                                    0x2000051c   Section      180  mc_config.o(.data)
    .data                                    0x200005d0   Section      316  mc_config.o(.data)
    .data                                    0x2000070c   Section       58  mc_tasks.o(.data)
    hMFTaskCounterM1                         0x2000070e   Data           2  mc_tasks.o(.data)
    hBootCapDelayCounterM1                   0x20000710   Data           2  mc_tasks.o(.data)
    hStopPermanencyCounterM1                 0x20000712   Data           2  mc_tasks.o(.data)
    .data                                    0x20000746   Section        6  regular_conversion_manager.o(.data)
    .data                                    0x2000074c   Section        1  stm32g4xx_mc_it.o(.data)
    SystickDividerCounter                    0x2000074c   Data           1  stm32g4xx_mc_it.o(.data)
    .data                                    0x20000750   Section       16  ui_task.o(.data)
    bCOMATRTimeCounter                       0x20000750   Data           2  ui_task.o(.data)
    bUITaskCounter                           0x20000752   Data           2  ui_task.o(.data)
    bCOMTimeoutCounter                       0x20000754   Data           2  ui_task.o(.data)
    .data                                    0x20000760   Section       12  stm32g4xx_hal.o(.data)
    .data                                    0x2000076c   Section        4  system_stm32g4xx.o(.data)
    .bss                                     0x20000770   Section       12  mc_config.o(.bss)
    .bss                                     0x2000077c   Section      152  mc_tasks.o(.bss)
    .bss                                     0x20000814   Section       72  regular_conversion_manager.o(.bss)
    .bss                                     0x2000085c   Section      204  ui_task.o(.bss)
    STACK                                    0x20000928   Section     1024  startup_stm32g431xx.o(STACK)

    Global Symbols

    Symbol Name                              Value     Ov Type        Size  Object(Section)

    BuildAttributes$$THM_ISAv4$E$P$D$K$B$S$7EM$VFPi3$EXTD16$VFPS$VFMA$PE$A:L22UL41UL21$X:L11$S22US41US21$IEEE1$IW$USESV6$~STKCKD$USESV7$~SHL$OTIME$EBA8$MICROLIB$REQ8$PRES8$EABIv2 0x00000000   Number         0  anon$$obj.o ABSOLUTE
    __ARM_use_no_argv                        0x00000000   Number         0  main.o ABSOLUTE
    __cpp_initialize__aeabi_                  - Undefined Weak Reference
    __cxa_finalize                            - Undefined Weak Reference
    _clock_init                               - Undefined Weak Reference
    _microlib_exit                            - Undefined Weak Reference
    __Vectors_Size                           0x000001d8   Number         0  startup_stm32g431xx.o ABSOLUTE
    __Vectors                                0x08000000   Data           4  startup_stm32g431xx.o(RESET)
    __Vectors_End                            0x080001d8   Data           0  startup_stm32g431xx.o(RESET)
    __main                                   0x080001d9   Thumb Code     0  entry.o(.ARM.Collect$$$$00000000)
    _main_stk                                0x080001d9   Thumb Code     0  entry2.o(.ARM.Collect$$$$00000001)
    _main_scatterload                        0x080001dd   Thumb Code     0  entry5.o(.ARM.Collect$$$$00000004)
    __main_after_scatterload                 0x080001e1   Thumb Code     0  entry5.o(.ARM.Collect$$$$00000004)
    _main_clock                              0x080001e1   Thumb Code     0  entry7b.o(.ARM.Collect$$$$00000008)
    _main_cpp_init                           0x080001e1   Thumb Code     0  entry8b.o(.ARM.Collect$$$$0000000A)
    _main_init                               0x080001e1   Thumb Code     0  entry9a.o(.ARM.Collect$$$$0000000B)
    __rt_final_cpp                           0x080001e9   Thumb Code     0  entry10a.o(.ARM.Collect$$$$0000000D)
    __rt_final_exit                          0x080001e9   Thumb Code     0  entry11a.o(.ARM.Collect$$$$0000000F)
    RUC_FirstAccelerationStageReached        0x080001ed   Thumb Code    20  revup_ctrl.o(.ccmram)
    STO_PLL_CalcElAngle                      0x08000201   Thumb Code   472  sto_pll_speed_pos_fdbk.o(.ccmram)
    STO_PLL_CalcAvrgElSpeedDpp               0x080003d9   Thumb Code    78  sto_pll_speed_pos_fdbk.o(.ccmram)
    STO_ResetPLL                             0x08000427   Thumb Code     8  sto_pll_speed_pos_fdbk.o(.ccmram)
    Reset_Handler                            0x08000431   Thumb Code     8  startup_stm32g431xx.o(.text)
    NMI_Handler                              0x08000439   Thumb Code     2  startup_stm32g431xx.o(.text)
    MemManage_Handler                        0x0800043d   Thumb Code     2  startup_stm32g431xx.o(.text)
    BusFault_Handler                         0x0800043f   Thumb Code     2  startup_stm32g431xx.o(.text)
    UsageFault_Handler                       0x08000441   Thumb Code     2  startup_stm32g431xx.o(.text)
    SVC_Handler                              0x08000443   Thumb Code     2  startup_stm32g431xx.o(.text)
    DebugMon_Handler                         0x08000445   Thumb Code     2  startup_stm32g431xx.o(.text)
    PendSV_Handler                           0x08000447   Thumb Code     2  startup_stm32g431xx.o(.text)
    COMP1_2_3_IRQHandler                     0x0800044b   Thumb Code     0  startup_stm32g431xx.o(.text)
    COMP4_IRQHandler                         0x0800044b   Thumb Code     0  startup_stm32g431xx.o(.text)
    CORDIC_IRQHandler                        0x0800044b   Thumb Code     0  startup_stm32g431xx.o(.text)
    CRS_IRQHandler                           0x0800044b   Thumb Code     0  startup_stm32g431xx.o(.text)
    DMA1_Channel1_IRQHandler                 0x0800044b   Thumb Code     0  startup_stm32g431xx.o(.text)
    DMA1_Channel2_IRQHandler                 0x0800044b   Thumb Code     0  startup_stm32g431xx.o(.text)
    DMA1_Channel3_IRQHandler                 0x0800044b   Thumb Code     0  startup_stm32g431xx.o(.text)
    DMA1_Channel4_IRQHandler                 0x0800044b   Thumb Code     0  startup_stm32g431xx.o(.text)
    DMA1_Channel5_IRQHandler                 0x0800044b   Thumb Code     0  startup_stm32g431xx.o(.text)
    DMA1_Channel6_IRQHandler                 0x0800044b   Thumb Code     0  startup_stm32g431xx.o(.text)
    DMA2_Channel1_IRQHandler                 0x0800044b   Thumb Code     0  startup_stm32g431xx.o(.text)
    DMA2_Channel2_IRQHandler                 0x0800044b   Thumb Code     0  startup_stm32g431xx.o(.text)
    DMA2_Channel3_IRQHandler                 0x0800044b   Thumb Code     0  startup_stm32g431xx.o(.text)
    DMA2_Channel4_IRQHandler                 0x0800044b   Thumb Code     0  startup_stm32g431xx.o(.text)
    DMA2_Channel5_IRQHandler                 0x0800044b   Thumb Code     0  startup_stm32g431xx.o(.text)
    DMA2_Channel6_IRQHandler                 0x0800044b   Thumb Code     0  startup_stm32g431xx.o(.text)
    DMAMUX_OVR_IRQHandler                    0x0800044b   Thumb Code     0  startup_stm32g431xx.o(.text)
    EXTI0_IRQHandler                         0x0800044b   Thumb Code     0  startup_stm32g431xx.o(.text)
    EXTI1_IRQHandler                         0x0800044b   Thumb Code     0  startup_stm32g431xx.o(.text)
    EXTI2_IRQHandler                         0x0800044b   Thumb Code     0  startup_stm32g431xx.o(.text)
    EXTI3_IRQHandler                         0x0800044b   Thumb Code     0  startup_stm32g431xx.o(.text)
    EXTI4_IRQHandler                         0x0800044b   Thumb Code     0  startup_stm32g431xx.o(.text)
    EXTI9_5_IRQHandler                       0x0800044b   Thumb Code     0  startup_stm32g431xx.o(.text)
    FDCAN1_IT0_IRQHandler                    0x0800044b   Thumb Code     0  startup_stm32g431xx.o(.text)
    FDCAN1_IT1_IRQHandler                    0x0800044b   Thumb Code     0  startup_stm32g431xx.o(.text)
    FLASH_IRQHandler                         0x0800044b   Thumb Code     0  startup_stm32g431xx.o(.text)
    FMAC_IRQHandler                          0x0800044b   Thumb Code     0  startup_stm32g431xx.o(.text)
    FPU_IRQHandler                           0x0800044b   Thumb Code     0  startup_stm32g431xx.o(.text)
    I2C1_ER_IRQHandler                       0x0800044b   Thumb Code     0  startup_stm32g431xx.o(.text)
    I2C1_EV_IRQHandler                       0x0800044b   Thumb Code     0  startup_stm32g431xx.o(.text)
    I2C2_ER_IRQHandler                       0x0800044b   Thumb Code     0  startup_stm32g431xx.o(.text)
    I2C2_EV_IRQHandler                       0x0800044b   Thumb Code     0  startup_stm32g431xx.o(.text)
    I2C3_ER_IRQHandler                       0x0800044b   Thumb Code     0  startup_stm32g431xx.o(.text)
    I2C3_EV_IRQHandler                       0x0800044b   Thumb Code     0  startup_stm32g431xx.o(.text)
    LPTIM1_IRQHandler                        0x0800044b   Thumb Code     0  startup_stm32g431xx.o(.text)
    LPUART1_IRQHandler                       0x0800044b   Thumb Code     0  startup_stm32g431xx.o(.text)
    PVD_PVM_IRQHandler                       0x0800044b   Thumb Code     0  startup_stm32g431xx.o(.text)
    RCC_IRQHandler                           0x0800044b   Thumb Code     0  startup_stm32g431xx.o(.text)
    RNG_IRQHandler                           0x0800044b   Thumb Code     0  startup_stm32g431xx.o(.text)
    RTC_Alarm_IRQHandler                     0x0800044b   Thumb Code     0  startup_stm32g431xx.o(.text)
    RTC_TAMP_LSECSS_IRQHandler               0x0800044b   Thumb Code     0  startup_stm32g431xx.o(.text)
    RTC_WKUP_IRQHandler                      0x0800044b   Thumb Code     0  startup_stm32g431xx.o(.text)
    SAI1_IRQHandler                          0x0800044b   Thumb Code     0  startup_stm32g431xx.o(.text)
    SPI1_IRQHandler                          0x0800044b   Thumb Code     0  startup_stm32g431xx.o(.text)
    SPI2_IRQHandler                          0x0800044b   Thumb Code     0  startup_stm32g431xx.o(.text)
    SPI3_IRQHandler                          0x0800044b   Thumb Code     0  startup_stm32g431xx.o(.text)
    TIM1_CC_IRQHandler                       0x0800044b   Thumb Code     0  startup_stm32g431xx.o(.text)
    TIM1_TRG_COM_TIM17_IRQHandler            0x0800044b   Thumb Code     0  startup_stm32g431xx.o(.text)
    TIM2_IRQHandler                          0x0800044b   Thumb Code     0  startup_stm32g431xx.o(.text)
    TIM3_IRQHandler                          0x0800044b   Thumb Code     0  startup_stm32g431xx.o(.text)
    TIM4_IRQHandler                          0x0800044b   Thumb Code     0  startup_stm32g431xx.o(.text)
    TIM6_DAC_IRQHandler                      0x0800044b   Thumb Code     0  startup_stm32g431xx.o(.text)
    TIM7_IRQHandler                          0x0800044b   Thumb Code     0  startup_stm32g431xx.o(.text)
    TIM8_BRK_IRQHandler                      0x0800044b   Thumb Code     0  startup_stm32g431xx.o(.text)
    TIM8_CC_IRQHandler                       0x0800044b   Thumb Code     0  startup_stm32g431xx.o(.text)
    TIM8_TRG_COM_IRQHandler                  0x0800044b   Thumb Code     0  startup_stm32g431xx.o(.text)
    TIM8_UP_IRQHandler                       0x0800044b   Thumb Code     0  startup_stm32g431xx.o(.text)
    UART4_IRQHandler                         0x0800044b   Thumb Code     0  startup_stm32g431xx.o(.text)
    UCPD1_IRQHandler                         0x0800044b   Thumb Code     0  startup_stm32g431xx.o(.text)
    USART1_IRQHandler                        0x0800044b   Thumb Code     0  startup_stm32g431xx.o(.text)
    USART3_IRQHandler                        0x0800044b   Thumb Code     0  startup_stm32g431xx.o(.text)
    USBWakeUp_IRQHandler                     0x0800044b   Thumb Code     0  startup_stm32g431xx.o(.text)
    USB_HP_IRQHandler                        0x0800044b   Thumb Code     0  startup_stm32g431xx.o(.text)
    USB_LP_IRQHandler                        0x0800044b   Thumb Code     0  startup_stm32g431xx.o(.text)
    WWDG_IRQHandler                          0x0800044b   Thumb Code     0  startup_stm32g431xx.o(.text)
    RUC_Init                                 0x08000455   Thumb Code    86  revup_ctrl.o(.text)
    RUC_Clear                                0x080004ab   Thumb Code   136  revup_ctrl.o(.text)
    RUC_OTF_Exec                             0x08000533   Thumb Code   514  revup_ctrl.o(.text)
    RUC_Exec                                 0x08000735   Thumb Code   106  revup_ctrl.o(.text)
    RUC_Completed                            0x0800079f   Thumb Code    14  revup_ctrl.o(.text)
    RUC_Stop                                 0x080007ad   Thumb Code    30  revup_ctrl.o(.text)
    RUC_SetPhaseDurationms                   0x080007cb   Thumb Code    12  revup_ctrl.o(.text)
    RUC_SetPhaseFinalMecSpeedUnit            0x080007d7   Thumb Code    12  revup_ctrl.o(.text)
    RUC_SetPhaseFinalTorque                  0x080007e3   Thumb Code    12  revup_ctrl.o(.text)
    RUC_GetPhaseDurationms                   0x080007ef   Thumb Code    12  revup_ctrl.o(.text)
    RUC_GetPhaseFinalMecSpeedUnit            0x080007fb   Thumb Code    14  revup_ctrl.o(.text)
    RUC_GetPhaseFinalTorque                  0x08000809   Thumb Code    14  revup_ctrl.o(.text)
    RUC_GetNumberOfPhases                    0x08000817   Thumb Code     6  revup_ctrl.o(.text)
    RUC_Get_SCLowsideOTF_Status              0x0800081d   Thumb Code     6  revup_ctrl.o(.text)
    STO_PLL_Clear                            0x08000825   Thumb Code   124  sto_pll_speed_pos_fdbk.o(.text)
    STO_PLL_Init                             0x080008a1   Thumb Code    90  sto_pll_speed_pos_fdbk.o(.text)
    STO_PLL_Return                           0x080008fb   Thumb Code     2  sto_pll_speed_pos_fdbk.o(.text)
    STO_PLL_CalcAvrgMecSpeedUnit             0x080008fd   Thumb Code   318  sto_pll_speed_pos_fdbk.o(.text)
    STO_PLL_IsObserverConverged              0x08000a3b   Thumb Code   162  sto_pll_speed_pos_fdbk.o(.text)
    STO_PLL_GetEstimatedBemf                 0x08000add   Thumb Code    20  sto_pll_speed_pos_fdbk.o(.text)
    STO_PLL_GetEstimatedCurrent              0x08000af1   Thumb Code    24  sto_pll_speed_pos_fdbk.o(.text)
    STO_PLL_GetObserverGains                 0x08000b09   Thumb Code    10  sto_pll_speed_pos_fdbk.o(.text)
    STO_PLL_SetObserverGains                 0x08000b13   Thumb Code     6  sto_pll_speed_pos_fdbk.o(.text)
    STO_GetPLLGains                          0x08000b19   Thumb Code    28  sto_pll_speed_pos_fdbk.o(.text)
    STO_SetPLLGains                          0x08000b35   Thumb Code    26  sto_pll_speed_pos_fdbk.o(.text)
    STO_PLL_SetMecAngle                      0x08000b4f   Thumb Code     2  sto_pll_speed_pos_fdbk.o(.text)
    STO_OTF_ResetPLL                         0x08000b51   Thumb Code    10  sto_pll_speed_pos_fdbk.o(.text)
    STO_SetPLL                               0x08000b5b   Thumb Code    30  sto_pll_speed_pos_fdbk.o(.text)
    STO_PLL_GetEstimatedBemfLevel            0x08000b79   Thumb Code     6  sto_pll_speed_pos_fdbk.o(.text)
    STO_PLL_GetObservedBemfLevel             0x08000b7f   Thumb Code     6  sto_pll_speed_pos_fdbk.o(.text)
    STO_PLL_BemfConsistencyCheckSwitch       0x08000b85   Thumb Code     6  sto_pll_speed_pos_fdbk.o(.text)
    STO_PLL_IsBemfConsistent                 0x08000b8b   Thumb Code     6  sto_pll_speed_pos_fdbk.o(.text)
    STO_PLL_IsVarianceTight                  0x08000b91   Thumb Code     8  sto_pll_speed_pos_fdbk.o(.text)
    STO_PLL_ForceConvergency1                0x08000b99   Thumb Code    10  sto_pll_speed_pos_fdbk.o(.text)
    STO_PLL_ForceConvergency2                0x08000ba3   Thumb Code    10  sto_pll_speed_pos_fdbk.o(.text)
    STO_SetMinStartUpValidSpeedUnit          0x08000bad   Thumb Code     6  sto_pll_speed_pos_fdbk.o(.text)
    STO_SetDirection                         0x08000bb3   Thumb Code     6  sto_pll_speed_pos_fdbk.o(.text)
    __scatterload                            0x08000bbd   Thumb Code    28  init.o(.text)
    __scatterload_rt2                        0x08000bbd   Thumb Code     0  init.o(.text)
    __decompress                             0x08000be1   Thumb Code     0  __dczerorl2.o(.text)
    __decompress1                            0x08000be1   Thumb Code    86  __dczerorl2.o(.text)
    ADC1_2_IRQHandler                        0x08000c37   Thumb Code    22  stm32g4xx_mc_it.o(i.ADC1_2_IRQHandler)
    Circle_Limitation                        0x08000c4d   Thumb Code    86  circle_limitation.o(i.Circle_Limitation)
    DAC_Exec                                 0x08000ca5   Thumb Code    42  dac_ui.o(i.DAC_Exec)
    DAC_GetChannelConfig                     0x08000cd9   Thumb Code     8  dac_common_ui.o(i.DAC_GetChannelConfig)
    DAC_GetUserChannelValue                  0x08000ce1   Thumb Code    10  dac_common_ui.o(i.DAC_GetUserChannelValue)
    DAC_Init                                 0x08000ced   Thumb Code    12  dac_ui.o(i.DAC_Init)
    DAC_SetChannelConfig                     0x08000cfd   Thumb Code     8  dac_common_ui.o(i.DAC_SetChannelConfig)
    DAC_SetUserChannelValue                  0x08000d05   Thumb Code     8  dac_common_ui.o(i.DAC_SetUserChannelValue)
    EXTI15_10_IRQHandler                     0x08000d0d   Thumb Code    22  stm32g4xx_mc_it.o(i.EXTI15_10_IRQHandler)
    FCP_CalcCRC                              0x08000d29   Thumb Code    46  frame_communication_protocol.o(i.FCP_CalcCRC)
    FCP_Init                                 0x08000d57   Thumb Code    42  frame_communication_protocol.o(i.FCP_Init)
    FCP_SetClient                            0x08000d81   Thumb Code    14  frame_communication_protocol.o(i.FCP_SetClient)
    FOC_CalcCurrRef                          0x08000d91   Thumb Code    42  mc_tasks.o(i.FOC_CalcCurrRef)
    FOC_Clear                                0x08000dc5   Thumb Code    86  mc_tasks.o(i.FOC_Clear)
    FOC_InitAdditionalMethods                0x08000e31   Thumb Code     2  mc_tasks.o(i.FOC_InitAdditionalMethods)
    HAL_IncTick                              0x08000e35   Thumb Code    12  stm32g4xx_hal.o(i.HAL_IncTick)
    HAL_Init                                 0x08000e45   Thumb Code    30  stm32g4xx_hal.o(i.HAL_Init)
    HAL_InitTick                             0x08000e65   Thumb Code    58  stm32g4xx_hal.o(i.HAL_InitTick)
    HAL_MspInit                              0x08000ea9   Thumb Code    50  stm32g4xx_hal_msp.o(i.HAL_MspInit)
    HAL_NVIC_SetPriority                     0x08000ee1   Thumb Code    96  stm32g4xx_hal_cortex.o(i.HAL_NVIC_SetPriority)
    HAL_NVIC_SetPriorityGrouping             0x08000f45   Thumb Code    30  stm32g4xx_hal_cortex.o(i.HAL_NVIC_SetPriorityGrouping)
    HAL_PWREx_DisableUCPDDeadBattery         0x08000f69   Thumb Code    12  stm32g4xx_hal_pwr_ex.o(i.HAL_PWREx_DisableUCPDDeadBattery)
    HAL_RCC_GetHCLKFreq                      0x08000f79   Thumb Code     6  stm32g4xx_hal_rcc.o(i.HAL_RCC_GetHCLKFreq)
    HAL_SYSTICK_Callback                     0x08000f85   Thumb Code     2  stm32g4xx_hal_cortex.o(i.HAL_SYSTICK_Callback)
    HAL_SYSTICK_Config                       0x08000f89   Thumb Code    38  stm32g4xx_hal_cortex.o(i.HAL_SYSTICK_Config)
    HAL_SYSTICK_IRQHandler                   0x08000fb5   Thumb Code     8  stm32g4xx_hal_cortex.o(i.HAL_SYSTICK_IRQHandler)
    HardFault_Handler                        0x08000fbd   Thumb Code    98  stm32g4xx_mc_it.o(i.HardFault_Handler)
    LL_ADC_CommonInit                        0x08001025   Thumb Code    80  stm32g4xx_ll_adc.o(i.LL_ADC_CommonInit)
    LL_ADC_INJ_Init                          0x08001079   Thumb Code    82  stm32g4xx_ll_adc.o(i.LL_ADC_INJ_Init)
    LL_ADC_Init                              0x080010cb   Thumb Code    50  stm32g4xx_ll_adc.o(i.LL_ADC_Init)
    LL_ADC_REG_Init                          0x080010fd   Thumb Code   104  stm32g4xx_ll_adc.o(i.LL_ADC_REG_Init)
    LL_DAC_Init                              0x08001169   Thumb Code   216  stm32g4xx_ll_dac.o(i.LL_DAC_Init)
    LL_EXTI_Init                             0x08001241   Thumb Code   418  stm32g4xx_ll_exti.o(i.LL_EXTI_Init)
    LL_GPIO_Init                             0x080013f5   Thumb Code   338  stm32g4xx_ll_gpio.o(i.LL_GPIO_Init)
    LL_RCC_GetUARTClockFreq                  0x08001549   Thumb Code   120  stm32g4xx_ll_rcc.o(i.LL_RCC_GetUARTClockFreq)
    LL_RCC_GetUSARTClockFreq                 0x080015d1   Thumb Code   278  stm32g4xx_ll_rcc.o(i.LL_RCC_GetUSARTClockFreq)
    LL_SetSystemCoreClock                    0x080016f9   Thumb Code     6  stm32g4xx_ll_utils.o(i.LL_SetSystemCoreClock)
    LL_TIM_BDTR_Init                         0x08001705   Thumb Code   146  stm32g4xx_ll_tim.o(i.LL_TIM_BDTR_Init)
    LL_TIM_Init                              0x080017a1   Thumb Code   148  stm32g4xx_ll_tim.o(i.LL_TIM_Init)
    LL_TIM_OC_Init                           0x080018c5   Thumb Code   832  stm32g4xx_ll_tim.o(i.LL_TIM_OC_Init)
    LL_USART_Init                            0x08001c99   Thumb Code   232  stm32g4xx_ll_usart.o(i.LL_USART_Init)
    MCI_Clear_Iqdref                         0x08001d89   Thumb Code    16  mc_interface.o(i.MCI_Clear_Iqdref)
    MCI_EncoderAlign                         0x08001d99   Thumb Code     8  mc_interface.o(i.MCI_EncoderAlign)
    MCI_ExecBufferedCommands                 0x08001da1   Thumb Code   120  mc_interface.o(i.MCI_ExecBufferedCommands)
    MCI_ExecSpeedRamp                        0x08001e19   Thumb Code    14  mc_interface.o(i.MCI_ExecSpeedRamp)
    MCI_ExecTorqueRamp                       0x08001e27   Thumb Code    18  mc_interface.o(i.MCI_ExecTorqueRamp)
    MCI_FaultAcknowledged                    0x08001e39   Thumb Code     6  mc_interface.o(i.MCI_FaultAcknowledged)
    MCI_GetAvrgMecSpeedUnit                  0x08001e3f   Thumb Code    16  mc_interface.o(i.MCI_GetAvrgMecSpeedUnit)
    MCI_GetControlMode                       0x08001e4f   Thumb Code     4  mc_interface.o(i.MCI_GetControlMode)
    MCI_GetIab                               0x08001e53   Thumb Code     6  mc_interface.o(i.MCI_GetIab)
    MCI_GetIalphabeta                        0x08001e59   Thumb Code     6  mc_interface.o(i.MCI_GetIalphabeta)
    MCI_GetImposedMotorDirection             0x08001e5f   Thumb Code    54  mc_interface.o(i.MCI_GetImposedMotorDirection)
    MCI_GetIqd                               0x08001e95   Thumb Code     6  mc_interface.o(i.MCI_GetIqd)
    MCI_GetIqdref                            0x08001e9b   Thumb Code     6  mc_interface.o(i.MCI_GetIqdref)
    MCI_GetLastRampFinalSpeed                0x08001ea1   Thumb Code    16  mc_interface.o(i.MCI_GetLastRampFinalSpeed)
    MCI_GetMecSpeedRefUnit                   0x08001eb1   Thumb Code     6  mc_interface.o(i.MCI_GetMecSpeedRefUnit)
    MCI_GetSTMState                          0x08001eb7   Thumb Code     6  mc_interface.o(i.MCI_GetSTMState)
    MCI_GetTeref                             0x08001ebd   Thumb Code     8  mc_interface.o(i.MCI_GetTeref)
    MCI_GetValphabeta                        0x08001ec5   Thumb Code     8  mc_interface.o(i.MCI_GetValphabeta)
    MCI_GetVqd                               0x08001ecd   Thumb Code     8  mc_interface.o(i.MCI_GetVqd)
    MCI_Init                                 0x08001ed5   Thumb Code    20  mc_interface.o(i.MCI_Init)
    MCI_SetCurrentReferences                 0x08001ee9   Thumb Code    20  mc_interface.o(i.MCI_SetCurrentReferences)
    MCI_SetIdref                             0x08001efd   Thumb Code    10  mc_interface.o(i.MCI_SetIdref)
    MCI_StartMotor                           0x08001f07   Thumb Code    22  mc_interface.o(i.MCI_StartMotor)
    MCI_StopMotor                            0x08001f1d   Thumb Code     8  mc_interface.o(i.MCI_StopMotor)
    MCI_StopRamp                             0x08001f25   Thumb Code     6  mc_interface.o(i.MCI_StopRamp)
    MCM_Clarke                               0x08001f2d   Thumb Code    72  mc_math.o(i.MCM_Clarke)
    MCM_Park                                 0x08001f79   Thumb Code   122  mc_math.o(i.MCM_Park)
    MCM_Rev_Park                             0x08001ffd   Thumb Code    54  mc_math.o(i.MCM_Rev_Park)
    MCM_Trig_Functions                       0x08002035   Thumb Code    16  mc_math.o(i.MCM_Trig_Functions)
    MCP_Init                                 0x0800204d   Thumb Code    54  motor_control_protocol.o(i.MCP_Init)
    MCP_OnTimeOut                            0x08002091   Thumb Code     8  motor_control_protocol.o(i.MCP_OnTimeOut)
    MCP_ReceivedFrame                        0x08002099   Thumb Code  1792  motor_control_protocol.o(i.MCP_ReceivedFrame)
    MCP_SentFrame                            0x080027a5   Thumb Code     8  motor_control_protocol.o(i.MCP_SentFrame)
    MCP_WaitNextFrame                        0x080027ad   Thumb Code    26  motor_control_protocol.o(i.MCP_WaitNextFrame)
    MC_GetSTMStateMotor1                     0x080027c9   Thumb Code     8  mc_api.o(i.MC_GetSTMStateMotor1)
    MC_RunMotorControlTasks                  0x080027d5   Thumb Code    28  mc_tasks.o(i.MC_RunMotorControlTasks)
    MC_Scheduler                             0x080027f5   Thumb Code    58  mc_tasks.o(i.MC_Scheduler)
    MC_StartMotor1                           0x08002835   Thumb Code     8  mc_api.o(i.MC_StartMotor1)
    MC_StopMotor1                            0x08002841   Thumb Code     8  mc_api.o(i.MC_StopMotor1)
    MCboot                                   0x0800284d   Thumb Code   366  mc_tasks.o(i.MCboot)
    MPM_CalcElMotorPower                     0x08002a05   Thumb Code    70  motor_power_measurement.o(i.MPM_CalcElMotorPower)
    MPM_Clear                                0x08002a4b   Thumb Code    26  motor_power_measurement.o(i.MPM_Clear)
    MPM_GetAvrgElMotorPowerW                 0x08002a65   Thumb Code     6  motor_power_measurement.o(i.MPM_GetAvrgElMotorPowerW)
    MX_MotorControl_Init                     0x08002a6d   Thumb Code    48  motorcontrol.o(i.MX_MotorControl_Init)
    NTC_CalcAvTemp                           0x08002d81   Thumb Code    58  ntc_temperature_sensor.o(i.NTC_CalcAvTemp)
    NTC_Clear                                0x08002dbb   Thumb Code     6  ntc_temperature_sensor.o(i.NTC_Clear)
    NTC_GetAvTemp_C                          0x08002dc1   Thumb Code    40  ntc_temperature_sensor.o(i.NTC_GetAvTemp_C)
    NTC_Init                                 0x08002de9   Thumb Code    36  ntc_temperature_sensor.o(i.NTC_Init)
    NTC_SetFaultState                        0x08002e0d   Thumb Code    24  ntc_temperature_sensor.o(i.NTC_SetFaultState)
    PID_GetKD                                0x08002e25   Thumb Code     6  pid_regulator.o(i.PID_GetKD)
    PID_GetKI                                0x08002e2b   Thumb Code     6  pid_regulator.o(i.PID_GetKI)
    PID_GetKIDivisor                         0x08002e31   Thumb Code     4  pid_regulator.o(i.PID_GetKIDivisor)
    PID_GetKP                                0x08002e35   Thumb Code     6  pid_regulator.o(i.PID_GetKP)
    PID_GetKPDivisor                         0x08002e3b   Thumb Code     4  pid_regulator.o(i.PID_GetKPDivisor)
    PID_HandleInit                           0x08002e3f   Thumb Code    20  pid_regulator.o(i.PID_HandleInit)
    PID_SetIntegralTerm                      0x08002e53   Thumb Code     4  pid_regulator.o(i.PID_SetIntegralTerm)
    PID_SetKD                                0x08002e57   Thumb Code     4  pid_regulator.o(i.PID_SetKD)
    PID_SetKI                                0x08002e5b   Thumb Code     4  pid_regulator.o(i.PID_SetKI)
    PID_SetKP                                0x08002e5f   Thumb Code     4  pid_regulator.o(i.PID_SetKP)
    PI_Controller                            0x08002e65   Thumb Code   122  pid_regulator.o(i.PI_Controller)
    PQD_CalcElMotorPower                     0x08002ee5   Thumb Code    90  pqd_motor_power_measurement.o(i.PQD_CalcElMotorPower)
    PWMC_CheckOverCurrent                    0x08002f45   Thumb Code     4  pwm_curr_fdbk.o(i.PWMC_CheckOverCurrent)
    PWMC_CurrentReadingCalibr                0x08002f49   Thumb Code    66  pwm_curr_fdbk.o(i.PWMC_CurrentReadingCalibr)
    PWMC_GetPhaseCurrents                    0x08002f8b   Thumb Code     4  pwm_curr_fdbk.o(i.PWMC_GetPhaseCurrents)
    PWMC_SetPhaseVoltage                     0x08002f8f   Thumb Code   496  pwm_curr_fdbk.o(i.PWMC_SetPhaseVoltage)
    PWMC_SwitchOffPWM                        0x0800317f   Thumb Code     4  pwm_curr_fdbk.o(i.PWMC_SwitchOffPWM)
    PWMC_SwitchOnPWM                         0x08003183   Thumb Code     4  pwm_curr_fdbk.o(i.PWMC_SwitchOnPWM)
    PWMC_TurnOnLowSides                      0x08003187   Thumb Code     4  pwm_curr_fdbk.o(i.PWMC_TurnOnLowSides)
    R3_2_BRK2_IRQHandler                     0x08003281   Thumb Code    54  r3_2_g4xx_pwm_curr_fdbk.o(i.R3_2_BRK2_IRQHandler)
    R3_2_BRK_IRQHandler                      0x080032b7   Thumb Code    26  r3_2_g4xx_pwm_curr_fdbk.o(i.R3_2_BRK_IRQHandler)
    R3_2_CurrentReadingPolarization          0x080032d1   Thumb Code   366  r3_2_g4xx_pwm_curr_fdbk.o(i.R3_2_CurrentReadingPolarization)
    R3_2_GetPhaseCurrents                    0x0800345d   Thumb Code   282  r3_2_g4xx_pwm_curr_fdbk.o(i.R3_2_GetPhaseCurrents)
    R3_2_Init                                0x0800361d   Thumb Code   656  r3_2_g4xx_pwm_curr_fdbk.o(i.R3_2_Init)
    R3_2_IsOverCurrentOccurred               0x080038b1   Thumb Code    38  r3_2_g4xx_pwm_curr_fdbk.o(i.R3_2_IsOverCurrentOccurred)
    R3_2_RLDetectionModeDisable              0x080038d9   Thumb Code   218  r3_2_g4xx_pwm_curr_fdbk.o(i.R3_2_RLDetectionModeDisable)
    R3_2_RLDetectionModeEnable               0x080039c5   Thumb Code   170  r3_2_g4xx_pwm_curr_fdbk.o(i.R3_2_RLDetectionModeEnable)
    R3_2_RLDetectionModeSetDuty              0x08003a81   Thumb Code   106  r3_2_g4xx_pwm_curr_fdbk.o(i.R3_2_RLDetectionModeSetDuty)
    R3_2_SetADCSampPointPolarization         0x08003c45   Thumb Code    46  r3_2_g4xx_pwm_curr_fdbk.o(i.R3_2_SetADCSampPointPolarization)
    R3_2_SetADCSampPointSectX                0x08003c79   Thumb Code   114  r3_2_g4xx_pwm_curr_fdbk.o(i.R3_2_SetADCSampPointSectX)
    R3_2_SwitchOffPWM                        0x08003ded   Thumb Code   116  r3_2_g4xx_pwm_curr_fdbk.o(i.R3_2_SwitchOffPWM)
    R3_2_SwitchOnPWM                         0x08003e61   Thumb Code   192  r3_2_g4xx_pwm_curr_fdbk.o(i.R3_2_SwitchOnPWM)
    R3_2_TIMx_UP_IRQHandler                  0x08003f21   Thumb Code   142  r3_2_g4xx_pwm_curr_fdbk.o(i.R3_2_TIMx_UP_IRQHandler)
    R3_2_TurnOnLowSides                      0x08003faf   Thumb Code    86  r3_2_g4xx_pwm_curr_fdbk.o(i.R3_2_TurnOnLowSides)
    RCC_GetSystemClockFreq                   0x08004005   Thumb Code    88  stm32g4xx_ll_rcc.o(i.RCC_GetSystemClockFreq)
    RCM_ExecNextConv                         0x08004069   Thumb Code   134  regular_conversion_manager.o(i.RCM_ExecNextConv)
    RCM_ExecRegularConv                      0x08004101   Thumb Code   302  regular_conversion_manager.o(i.RCM_ExecRegularConv)
    RCM_ExecUserConv                         0x08004245   Thumb Code    76  regular_conversion_manager.o(i.RCM_ExecUserConv)
    RCM_ReadOngoingConv                      0x0800429d   Thumb Code    50  regular_conversion_manager.o(i.RCM_ReadOngoingConv)
    RCM_RegisterRegConv                      0x080042dd   Thumb Code   288  regular_conversion_manager.o(i.RCM_RegisterRegConv)
    REMNG_Calc                               0x0800440d   Thumb Code    44  ramp_ext_mngr.o(i.REMNG_Calc)
    REMNG_ExecRamp                           0x08004439   Thumb Code   130  ramp_ext_mngr.o(i.REMNG_ExecRamp)
    REMNG_Init                               0x080044bb   Thumb Code    16  ramp_ext_mngr.o(i.REMNG_Init)
    REMNG_RampCompleted                      0x080044cb   Thumb Code    14  ramp_ext_mngr.o(i.REMNG_RampCompleted)
    RVBS_CalcAvVbus                          0x080044d9   Thumb Code   100  r_divider_bus_voltage_sensor.o(i.RVBS_CalcAvVbus)
    RVBS_CheckFaultState                     0x0800453d   Thumb Code    24  r_divider_bus_voltage_sensor.o(i.RVBS_CheckFaultState)
    RVBS_Clear                               0x08004555   Thumb Code    44  r_divider_bus_voltage_sensor.o(i.RVBS_Clear)
    RVBS_Init                                0x08004581   Thumb Code    22  r_divider_bus_voltage_sensor.o(i.RVBS_Init)
    SPD_GetAvrgMecSpeedUnit                  0x08004597   Thumb Code     6  speed_pos_fdbk.o(i.SPD_GetAvrgMecSpeedUnit)
    SPD_GetElAngle                           0x0800459d   Thumb Code     6  speed_pos_fdbk.o(i.SPD_GetElAngle)
    SPD_GetInstElSpeedDpp                    0x080045a3   Thumb Code     6  speed_pos_fdbk.o(i.SPD_GetInstElSpeedDpp)
    SPD_GetS16Speed                          0x080045a9   Thumb Code    20  speed_pos_fdbk.o(i.SPD_GetS16Speed)
    SPD_IsMecSpeedReliable                   0x080045bd   Thumb Code    96  speed_pos_fdbk.o(i.SPD_IsMecSpeedReliable)
    STC_CalcTorqueReference                  0x0800461d   Thumb Code    92  speed_torq_ctrl.o(i.STC_CalcTorqueReference)
    STC_Clear                                0x08004679   Thumb Code    16  speed_torq_ctrl.o(i.STC_Clear)
    STC_ExecRamp                             0x08004689   Thumb Code   146  speed_torq_ctrl.o(i.STC_ExecRamp)
    STC_ForceSpeedReferenceToCurrentSpeed    0x0800471b   Thumb Code    16  speed_torq_ctrl.o(i.STC_ForceSpeedReferenceToCurrentSpeed)
    STC_GetDefaultIqdref                     0x0800472b   Thumb Code    16  speed_torq_ctrl.o(i.STC_GetDefaultIqdref)
    STC_GetMaxAppPositiveMecSpeedUnit        0x0800473b   Thumb Code     4  speed_torq_ctrl.o(i.STC_GetMaxAppPositiveMecSpeedUnit)
    STC_GetMecSpeedRefUnit                   0x0800473f   Thumb Code    12  speed_torq_ctrl.o(i.STC_GetMecSpeedRefUnit)
    STC_GetMecSpeedRefUnitDefault            0x0800474b   Thumb Code     6  speed_torq_ctrl.o(i.STC_GetMecSpeedRefUnitDefault)
    STC_GetMinAppNegativeMecSpeedUnit        0x08004751   Thumb Code     6  speed_torq_ctrl.o(i.STC_GetMinAppNegativeMecSpeedUnit)
    STC_GetSpeedSensor                       0x08004757   Thumb Code     4  speed_torq_ctrl.o(i.STC_GetSpeedSensor)
    STC_GetTorqueRef                         0x0800475b   Thumb Code    12  speed_torq_ctrl.o(i.STC_GetTorqueRef)
    STC_Init                                 0x08004767   Thumb Code    32  speed_torq_ctrl.o(i.STC_Init)
    STC_SetControlMode                       0x08004787   Thumb Code     8  speed_torq_ctrl.o(i.STC_SetControlMode)
    STC_SetSpeedSensor                       0x0800478f   Thumb Code     4  speed_torq_ctrl.o(i.STC_SetSpeedSensor)
    STC_StopRamp                             0x08004793   Thumb Code     8  speed_torq_ctrl.o(i.STC_StopRamp)
    STM_FaultAcknowledged                    0x0800479b   Thumb Code    22  state_machine.o(i.STM_FaultAcknowledged)
    STM_FaultProcessing                      0x080047b1   Thumb Code    54  state_machine.o(i.STM_FaultProcessing)
    STM_GetFaultState                        0x080047e7   Thumb Code    10  state_machine.o(i.STM_GetFaultState)
    STM_GetState                             0x080047f1   Thumb Code     4  state_machine.o(i.STM_GetState)
    STM_Init                                 0x080047f5   Thumb Code    10  state_machine.o(i.STM_Init)
    STM_NextState                            0x080047ff   Thumb Code   254  state_machine.o(i.STM_NextState)
    SysTick_Handler                          0x080048fd   Thumb Code    36  stm32g4xx_mc_it.o(i.SysTick_Handler)
    SystemClock_Config                       0x08004925   Thumb Code   252  main.o(i.SystemClock_Config)
    SystemInit                               0x08004a45   Thumb Code    20  system_stm32g4xx.o(i.SystemInit)
    TIM1_BRK_TIM15_IRQHandler                0x08004a61   Thumb Code    54  stm32g4xx_mc_it.o(i.TIM1_BRK_TIM15_IRQHandler)
    TIM1_UP_TIM16_IRQHandler                 0x08004aa5   Thumb Code    14  stm32g4xx_mc_it.o(i.TIM1_UP_TIM16_IRQHandler)
    TSK_ChargeBootCapDelayHasElapsedM1       0x08004abd   Thumb Code    14  mc_tasks.o(i.TSK_ChargeBootCapDelayHasElapsedM1)
    TSK_HardwareFaultTask                    0x08004ad1   Thumb Code    24  mc_tasks.o(i.TSK_HardwareFaultTask)
    TSK_HighFrequencyTask                    0x08004af1   Thumb Code   320  mc_tasks.o(i.TSK_HighFrequencyTask)
    TSK_MediumFrequencyTaskM1                0x08004c51   Thumb Code   654  mc_tasks.o(i.TSK_MediumFrequencyTaskM1)
    TSK_SafetyTask                           0x08004f11   Thumb Code    26  mc_tasks.o(i.TSK_SafetyTask)
    TSK_SafetyTask_PWMOFF                    0x08004f31   Thumb Code   132  mc_tasks.o(i.TSK_SafetyTask_PWMOFF)
    TSK_SetChargeBootCapDelayM1              0x08004fc9   Thumb Code     6  mc_tasks.o(i.TSK_SetChargeBootCapDelayM1)
    TSK_SetStopPermanencyTimeM1              0x08004fd5   Thumb Code     6  mc_tasks.o(i.TSK_SetStopPermanencyTimeM1)
    TSK_StopPermanencyTimeHasElapsedM1       0x08004fe1   Thumb Code    14  mc_tasks.o(i.TSK_StopPermanencyTimeHasElapsedM1)
    UFCP_AbortReceive                        0x08004ff5   Thumb Code     8  usart_frame_communication_protocol.o(i.UFCP_AbortReceive)
    UFCP_Init                                0x08004ffd   Thumb Code     4  usart_frame_communication_protocol.o(i.UFCP_Init)
    UFCP_OVR_IRQ_Handler                     0x08005001   Thumb Code    20  usart_frame_communication_protocol.o(i.UFCP_OVR_IRQ_Handler)
    UFCP_RX_IRQ_Handler                      0x08005015   Thumb Code   178  usart_frame_communication_protocol.o(i.UFCP_RX_IRQ_Handler)
    UFCP_Receive                             0x080050d5   Thumb Code    40  usart_frame_communication_protocol.o(i.UFCP_Receive)
    UFCP_Send                                0x080050fd   Thumb Code    86  usart_frame_communication_protocol.o(i.UFCP_Send)
    UFCP_TX_IRQ_Handler                      0x08005153   Thumb Code   100  usart_frame_communication_protocol.o(i.UFCP_TX_IRQ_Handler)
    UI_DACExec                               0x080051b7   Thumb Code    10  user_interface.o(i.UI_DACExec)
    UI_DACInit                               0x080051c1   Thumb Code    10  user_interface.o(i.UI_DACInit)
    UI_DACUpdate                             0x080051cd   Thumb Code    28  ui_task.o(i.UI_DACUpdate)
    UI_ExecCmd                               0x080051ed   Thumb Code   110  user_interface.o(i.UI_ExecCmd)
    UI_ExecSpeedRamp                         0x0800525d   Thumb Code    44  user_interface.o(i.UI_ExecSpeedRamp)
    UI_ExecTorqueRamp                        0x0800528d   Thumb Code    20  user_interface.o(i.UI_ExecTorqueRamp)
    UI_GetDAC                                0x080052a1   Thumb Code    16  user_interface.o(i.UI_GetDAC)
    UI_GetMPInfo                             0x080052b1   Thumb Code     4  user_interface.o(i.UI_GetMPInfo)
    UI_GetReg                                0x080052b5   Thumb Code  1432  user_interface.o(i.UI_GetReg)
    UI_GetRevupData                          0x08005851   Thumb Code    74  user_interface.o(i.UI_GetRevupData)
    UI_GetSelectedMC                         0x0800589b   Thumb Code     6  user_interface.o(i.UI_GetSelectedMC)
    UI_HandleStartStopButton_cb              0x080058a1   Thumb Code    24  ui_task.o(i.UI_HandleStartStopButton_cb)
    UI_Init                                  0x080058b9   Thumb Code    22  user_interface.o(i.UI_Init)
    UI_Scheduler                             0x080058d1   Thumb Code    40  ui_task.o(i.UI_Scheduler)
    UI_SelectMC                              0x080058fd   Thumb Code    18  user_interface.o(i.UI_SelectMC)
    UI_SerialCommunicationTimeOutStart       0x08005911   Thumb Code     8  ui_task.o(i.UI_SerialCommunicationTimeOutStart)
    UI_SerialCommunicationTimeOutStop        0x0800591d   Thumb Code     8  ui_task.o(i.UI_SerialCommunicationTimeOutStop)
    UI_SetCurrentReferences                  0x08005929   Thumb Code    26  user_interface.o(i.UI_SetCurrentReferences)
    UI_SetDAC                                0x08005943   Thumb Code    10  user_interface.o(i.UI_SetDAC)
    UI_SetReg                                0x0800594d   Thumb Code   578  user_interface.o(i.UI_SetReg)
    UI_SetRevupData                          0x08005b95   Thumb Code    56  user_interface.o(i.UI_SetRevupData)
    UI_TaskInit                              0x08005bcd   Thumb Code   144  ui_task.o(i.UI_TaskInit)
    USART2_IRQHandler                        0x08005c7d   Thumb Code   100  stm32g4xx_mc_it.o(i.USART2_IRQHandler)
    VBS_GetAvBusVoltage_V                    0x08005ce5   Thumb Code    10  bus_voltage_sensor.o(i.VBS_GetAvBusVoltage_V)
    VBS_GetAvBusVoltage_d                    0x08005cef   Thumb Code     4  bus_voltage_sensor.o(i.VBS_GetAvBusVoltage_d)
    VSS_CalcAvrgMecSpeedUnit                 0x08005cf3   Thumb Code   156  virtual_speed_sensor.o(i.VSS_CalcAvrgMecSpeedUnit)
    VSS_CalcElAngle                          0x08005d8f   Thumb Code   158  virtual_speed_sensor.o(i.VSS_CalcElAngle)
    VSS_Clear                                0x08005e2d   Thumb Code    44  virtual_speed_sensor.o(i.VSS_Clear)
    VSS_Init                                 0x08005e59   Thumb Code     8  virtual_speed_sensor.o(i.VSS_Init)
    VSS_SetCopyObserver                      0x08005e61   Thumb Code     8  virtual_speed_sensor.o(i.VSS_SetCopyObserver)
    VSS_SetMecAcceleration                   0x08005e69   Thumb Code   124  virtual_speed_sensor.o(i.VSS_SetMecAcceleration)
    VSS_SetMecAngle                          0x08005ee5   Thumb Code    14  virtual_speed_sensor.o(i.VSS_SetMecAngle)
    VSS_SetStartTransition                   0x08005ef3   Thumb Code    28  virtual_speed_sensor.o(i.VSS_SetStartTransition)
    VSS_TransitionEnded                      0x08005f0f   Thumb Code     6  virtual_speed_sensor.o(i.VSS_TransitionEnded)
    __scatterload_copy                       0x08005f15   Thumb Code    14  handlers.o(i.__scatterload_copy)
    __scatterload_null                       0x08005f23   Thumb Code     2  handlers.o(i.__scatterload_null)
    __scatterload_zeroinit                   0x08005f25   Thumb Code    14  handlers.o(i.__scatterload_zeroinit)
    getScalingFactor                         0x08005f35   Thumb Code    40  ramp_ext_mngr.o(i.getScalingFactor)
    main                                     0x08005f5d   Thumb Code  1950  main.o(i.main)
    mc_lock_pins                             0x08006735   Thumb Code   194  mc_tasks.o(i.mc_lock_pins)
    startTimers                              0x08006801   Thumb Code   100  pwm_common.o(i.startTimers)
    waitForPolarizationEnd                   0x0800686d   Thumb Code    96  pwm_common.o(i.waitForPolarizationEnd)
    s_fwVer                                  0x080068e0   Data          32  motorcontrol.o(.constdata)
    R3_2_ParamsM1                            0x08006904   Data         196  mc_parameters.o(.constdata)
    AHBPrescTable                            0x080069f8   Data          16  system_stm32g4xx.o(.constdata)
    APBPrescTable                            0x08006a08   Data           8  system_stm32g4xx.o(.constdata)
    Region$$Table$$Base                      0x08006a2c   Number         0  anon$$obj.o(Region$$Table)
    Region$$Table$$Limit                     0x08006a4c   Number         0  anon$$obj.o(Region$$Table)
    wConfig                                  0x20000000   Data           4  motorcontrol.o(.data)
    pMCI                                     0x20000004   Data           4  motorcontrol.o(.data)
    pMCT                                     0x20000008   Data           4  motorcontrol.o(.data)
    MPInfo                                   0x2000000c   Data           8  motor_control_protocol.o(.data)
    PQD_MotorPowMeasM1                       0x20000014   Data         276  mc_config.o(.data)
    PIDSpeedHandle_M1                        0x20000128   Data          44  mc_config.o(.data)
    PIDIqHandle_M1                           0x20000154   Data          44  mc_config.o(.data)
    PIDIdHandle_M1                           0x20000180   Data          44  mc_config.o(.data)
    SpeednTorqCtrlM1                         0x200001ac   Data          52  mc_config.o(.data)
    RevUpControlM1                           0x200001e0   Data         120  mc_config.o(.data)
    PWM_Handle_M1                            0x20000258   Data         124  mc_config.o(.data)
    VirtualSpeedSensorM1                     0x200002d4   Data          56  mc_config.o(.data)
    STO_PLL_M1                               0x2000030c   Data         296  mc_config.o(.data)
    STO_M1                                   0x20000434   Data          20  mc_config.o(.data)
    TempSensorParamsM1                       0x20000448   Data          40  mc_config.o(.data)
    RealBusVoltageSensorParamsM1             0x20000470   Data          40  mc_config.o(.data)
    UI_Params                                0x20000498   Data          48  mc_config.o(.data)
    DAC_UI_Params                            0x200004c8   Data          60  mc_config.o(.data)
    RampExtMngrHFParamsM1                    0x20000504   Data          24  mc_config.o(.data)
    CircleLimitationM1                       0x2000051c   Data         180  mc_config.o(.data)
    pUSART                                   0x200005d0   Data         316  mc_config.o(.data)
    bMCBootCompleted                         0x2000070c   Data           1  mc_tasks.o(.data)
    oMCInterface                             0x20000714   Data           4  mc_tasks.o(.data)
    pSTC                                     0x20000718   Data           4  mc_tasks.o(.data)
    pPIDSpeed                                0x2000071c   Data           4  mc_tasks.o(.data)
    pPIDIq                                   0x20000720   Data           4  mc_tasks.o(.data)
    pPIDId                                   0x20000724   Data           4  mc_tasks.o(.data)
    pBusSensorM1                             0x20000728   Data           4  mc_tasks.o(.data)
    pTemperatureSensor                       0x2000072c   Data           4  mc_tasks.o(.data)
    pwmcHandle                               0x20000730   Data           4  mc_tasks.o(.data)
    pMPM                                     0x20000734   Data           4  mc_tasks.o(.data)
    pCLM                                     0x20000738   Data           4  mc_tasks.o(.data)
    pREMNG                                   0x2000073c   Data           4  mc_tasks.o(.data)
    STM                                      0x20000740   Data           6  mc_tasks.o(.data)
    RCM_currentHandle                        0x20000746   Data           1  regular_conversion_manager.o(.data)
    RCM_UserConvHandle                       0x20000747   Data           1  regular_conversion_manager.o(.data)
    RCM_UserConvState                        0x20000748   Data           1  regular_conversion_manager.o(.data)
    RCM_UserConvValue                        0x2000074a   Data           2  regular_conversion_manager.o(.data)
    pDAC                                     0x20000758   Data           4  ui_task.o(.data)
    pMCP                                     0x2000075c   Data           4  ui_task.o(.data)
    uwTickPrio                               0x20000760   Data           4  stm32g4xx_hal.o(.data)
    uwTickFreq                               0x20000764   Data           4  stm32g4xx_hal.o(.data)
    uwTick                                   0x20000768   Data           4  stm32g4xx_hal.o(.data)
    SystemCoreClock                          0x2000076c   Data           4  system_stm32g4xx.o(.data)
    RealBusVoltageSensorFilterBufferM1       0x20000770   Data          12  mc_config.o(.bss)
    FOCVars                                  0x2000077c   Data          38  mc_tasks.o(.bss)
    Mci                                      0x200007a4   Data          28  mc_tasks.o(.bss)
    MCT                                      0x200007c0   Data          84  mc_tasks.o(.bss)
    RCM_handle_array                         0x20000814   Data          16  regular_conversion_manager.o(.bss)
    RCM_CB_array                             0x20000824   Data          32  regular_conversion_manager.o(.bss)
    RCM_NoInj_array                          0x20000844   Data          24  regular_conversion_manager.o(.bss)
    MCP_UI_Params                            0x2000085c   Data         204  ui_task.o(.bss)
    __initial_sp                             0x20000d28   Data           0  startup_stm32g431xx.o(STACK)



==============================================================================

Memory Map of the image

  Image Entry point : 0x080001d9

  Load Region LR_IROM1 (Base: 0x08000000, Size: 0x000071bc, Max: 0x00020000, ABSOLUTE, COMPRESSED[0x00006c50])

    Execution Region ER_IROM1 (Exec base: 0x08000000, Load base: 0x08000000, Size: 0x00006a4c, Max: 0x00020000, ABSOLUTE)

    Exec Addr    Load Addr    Size         Type   Attr      Idx    E Section Name        Object

    0x08000000   0x08000000   0x000001d8   Data   RO            3    RESET               startup_stm32g431xx.o
    0x080001d8   0x080001d8   0x00000000   Code   RO         5281  * .ARM.Collect$$$$00000000  mc_w.l(entry.o)
    0x080001d8   0x080001d8   0x00000004   Code   RO         5284    .ARM.Collect$$$$00000001  mc_w.l(entry2.o)
    0x080001dc   0x080001dc   0x00000004   Code   RO         5287    .ARM.Collect$$$$00000004  mc_w.l(entry5.o)
    0x080001e0   0x080001e0   0x00000000   Code   RO         5289    .ARM.Collect$$$$00000008  mc_w.l(entry7b.o)
    0x080001e0   0x080001e0   0x00000000   Code   RO         5291    .ARM.Collect$$$$0000000A  mc_w.l(entry8b.o)
    0x080001e0   0x080001e0   0x00000008   Code   RO         5292    .ARM.Collect$$$$0000000B  mc_w.l(entry9a.o)
    0x080001e8   0x080001e8   0x00000000   Code   RO         5294    .ARM.Collect$$$$0000000D  mc_w.l(entry10a.o)
    0x080001e8   0x080001e8   0x00000000   Code   RO         5296    .ARM.Collect$$$$0000000F  mc_w.l(entry11a.o)
    0x080001e8   0x080001e8   0x00000004   Code   RO         5285    .ARM.Collect$$$$00002712  mc_w.l(entry2.o)
    0x080001ec   0x080001ec   0x00000014   Code   RO         5264    .ccmram             libmc-keil_M4.lib(revup_ctrl.o)
    0x08000200   0x08000200   0x0000022e   Code   RO         5274    .ccmram             libmc-keil_M4.lib(sto_pll_speed_pos_fdbk.o)
    0x0800042e   0x0800042e   0x00000002   PAD
    0x08000430   0x08000430   0x00000024   Code   RO            4    .text               startup_stm32g431xx.o
    0x08000454   0x08000454   0x000003ce   Code   RO         5265    .text               libmc-keil_M4.lib(revup_ctrl.o)
    0x08000822   0x08000822   0x00000002   PAD
    0x08000824   0x08000824   0x00000398   Code   RO         5275    .text               libmc-keil_M4.lib(sto_pll_speed_pos_fdbk.o)
    0x08000bbc   0x08000bbc   0x00000024   Code   RO         5298    .text               mc_w.l(init.o)
    0x08000be0   0x08000be0   0x00000056   Code   RO         5308    .text               mc_w.l(__dczerorl2.o)
    0x08000c36   0x08000c36   0x00000016   Code   RO         1260    i.ADC1_2_IRQHandler  stm32g4xx_mc_it.o
    0x08000c4c   0x08000c4c   0x00000056   Code   RO         3833    i.Circle_Limitation  circle_limitation.o
    0x08000ca2   0x08000ca2   0x00000002   PAD
    0x08000ca4   0x08000ca4   0x00000034   Code   RO         1583    i.DAC_Exec          dac_ui.o
    0x08000cd8   0x08000cd8   0x00000008   Code   RO         5065    i.DAC_GetChannelConfig  dac_common_ui.o
    0x08000ce0   0x08000ce0   0x0000000a   Code   RO         5066    i.DAC_GetUserChannelValue  dac_common_ui.o
    0x08000cea   0x08000cea   0x00000002   PAD
    0x08000cec   0x08000cec   0x00000010   Code   RO         1584    i.DAC_Init          dac_ui.o
    0x08000cfc   0x08000cfc   0x00000008   Code   RO         5067    i.DAC_SetChannelConfig  dac_common_ui.o
    0x08000d04   0x08000d04   0x00000008   Code   RO         5068    i.DAC_SetUserChannelValue  dac_common_ui.o
    0x08000d0c   0x08000d0c   0x0000001c   Code   RO         1261    i.EXTI15_10_IRQHandler  stm32g4xx_mc_it.o
    0x08000d28   0x08000d28   0x0000002e   Code   RO         5107    i.FCP_CalcCRC       frame_communication_protocol.o
    0x08000d56   0x08000d56   0x0000002a   Code   RO         5108    i.FCP_Init          frame_communication_protocol.o
    0x08000d80   0x08000d80   0x0000000e   Code   RO         5110    i.FCP_SetClient     frame_communication_protocol.o
    0x08000d8e   0x08000d8e   0x00000002   PAD
    0x08000d90   0x08000d90   0x00000034   Code   RO          745    i.FOC_CalcCurrRef   mc_tasks.o
    0x08000dc4   0x08000dc4   0x0000006c   Code   RO          746    i.FOC_Clear         mc_tasks.o
    0x08000e30   0x08000e30   0x00000002   Code   RO          747    i.FOC_InitAdditionalMethods  mc_tasks.o
    0x08000e32   0x08000e32   0x00000002   PAD
    0x08000e34   0x08000e34   0x00000010   Code   RO         1944    i.HAL_IncTick       stm32g4xx_hal.o
    0x08000e44   0x08000e44   0x0000001e   Code   RO         1945    i.HAL_Init          stm32g4xx_hal.o
    0x08000e62   0x08000e62   0x00000002   PAD
    0x08000e64   0x08000e64   0x00000044   Code   RO         1946    i.HAL_InitTick      stm32g4xx_hal.o
    0x08000ea8   0x08000ea8   0x00000038   Code   RO         1637    i.HAL_MspInit       stm32g4xx_hal_msp.o
    0x08000ee0   0x08000ee0   0x00000064   Code   RO         3244    i.HAL_NVIC_SetPriority  stm32g4xx_hal_cortex.o
    0x08000f44   0x08000f44   0x00000024   Code   RO         3245    i.HAL_NVIC_SetPriorityGrouping  stm32g4xx_hal_cortex.o
    0x08000f68   0x08000f68   0x00000010   Code   RO         3006    i.HAL_PWREx_DisableUCPDDeadBattery  stm32g4xx_hal_pwr_ex.o
    0x08000f78   0x08000f78   0x0000000c   Code   RO         2171    i.HAL_RCC_GetHCLKFreq  stm32g4xx_hal_rcc.o
    0x08000f84   0x08000f84   0x00000002   Code   RO         3248    i.HAL_SYSTICK_Callback  stm32g4xx_hal_cortex.o
    0x08000f86   0x08000f86   0x00000002   PAD
    0x08000f88   0x08000f88   0x0000002c   Code   RO         3249    i.HAL_SYSTICK_Config  stm32g4xx_hal_cortex.o
    0x08000fb4   0x08000fb4   0x00000008   Code   RO         3250    i.HAL_SYSTICK_IRQHandler  stm32g4xx_hal_cortex.o
    0x08000fbc   0x08000fbc   0x00000068   Code   RO         1262    i.HardFault_Handler  stm32g4xx_mc_it.o
    0x08001024   0x08001024   0x00000054   Code   RO         1806    i.LL_ADC_CommonInit  stm32g4xx_ll_adc.o
    0x08001078   0x08001078   0x00000052   Code   RO         1809    i.LL_ADC_INJ_Init   stm32g4xx_ll_adc.o
    0x080010ca   0x080010ca   0x00000032   Code   RO         1811    i.LL_ADC_Init       stm32g4xx_ll_adc.o
    0x080010fc   0x080010fc   0x0000006c   Code   RO         1812    i.LL_ADC_REG_Init   stm32g4xx_ll_adc.o
    0x08001168   0x08001168   0x000000d8   Code   RO         3388    i.LL_DAC_Init       stm32g4xx_ll_dac.o
    0x08001240   0x08001240   0x000001b4   Code   RO         1725    i.LL_EXTI_Init      stm32g4xx_ll_exti.o
    0x080013f4   0x080013f4   0x00000152   Code   RO         1764    i.LL_GPIO_Init      stm32g4xx_ll_gpio.o
    0x08001546   0x08001546   0x00000002   PAD
    0x08001548   0x08001548   0x00000088   Code   RO         3627    i.LL_RCC_GetUARTClockFreq  stm32g4xx_ll_rcc.o
    0x080015d0   0x080015d0   0x00000128   Code   RO         3628    i.LL_RCC_GetUSARTClockFreq  stm32g4xx_ll_rcc.o
    0x080016f8   0x080016f8   0x0000000c   Code   RO         1665    i.LL_SetSystemCoreClock  stm32g4xx_ll_utils.o
    0x08001704   0x08001704   0x0000009c   Code   RO         3462    i.LL_TIM_BDTR_Init  stm32g4xx_ll_tim.o
    0x080017a0   0x080017a0   0x000000b0   Code   RO         3471    i.LL_TIM_Init       stm32g4xx_ll_tim.o
    0x08001850   0x08001850   0x00000074   Code   RO         4886    i.LL_TIM_OC_EnablePreload  r3_2_g4xx_pwm_curr_fdbk.o
    0x080018c4   0x080018c4   0x00000354   Code   RO         3472    i.LL_TIM_OC_Init    stm32g4xx_ll_tim.o
    0x08001c18   0x08001c18   0x00000080   Code   RO         4887    i.LL_TIM_OC_SetMode  r3_2_g4xx_pwm_curr_fdbk.o
    0x08001c98   0x08001c98   0x000000f0   Code   RO         3567    i.LL_USART_Init     stm32g4xx_ll_usart.o
    0x08001d88   0x08001d88   0x00000010   Code   RO         1032    i.MCI_Clear_Iqdref  mc_interface.o
    0x08001d98   0x08001d98   0x00000008   Code   RO         1033    i.MCI_EncoderAlign  mc_interface.o
    0x08001da0   0x08001da0   0x00000078   Code   RO         1034    i.MCI_ExecBufferedCommands  mc_interface.o
    0x08001e18   0x08001e18   0x0000000e   Code   RO         1035    i.MCI_ExecSpeedRamp  mc_interface.o
    0x08001e26   0x08001e26   0x00000012   Code   RO         1036    i.MCI_ExecTorqueRamp  mc_interface.o
    0x08001e38   0x08001e38   0x00000006   Code   RO         1037    i.MCI_FaultAcknowledged  mc_interface.o
    0x08001e3e   0x08001e3e   0x00000010   Code   RO         1038    i.MCI_GetAvrgMecSpeedUnit  mc_interface.o
    0x08001e4e   0x08001e4e   0x00000004   Code   RO         1039    i.MCI_GetControlMode  mc_interface.o
    0x08001e52   0x08001e52   0x00000006   Code   RO         1042    i.MCI_GetIab        mc_interface.o
    0x08001e58   0x08001e58   0x00000006   Code   RO         1043    i.MCI_GetIalphabeta  mc_interface.o
    0x08001e5e   0x08001e5e   0x00000036   Code   RO         1044    i.MCI_GetImposedMotorDirection  mc_interface.o
    0x08001e94   0x08001e94   0x00000006   Code   RO         1045    i.MCI_GetIqd        mc_interface.o
    0x08001e9a   0x08001e9a   0x00000006   Code   RO         1047    i.MCI_GetIqdref     mc_interface.o
    0x08001ea0   0x08001ea0   0x00000010   Code   RO         1048    i.MCI_GetLastRampFinalSpeed  mc_interface.o
    0x08001eb0   0x08001eb0   0x00000006   Code   RO         1049    i.MCI_GetMecSpeedRefUnit  mc_interface.o
    0x08001eb6   0x08001eb6   0x00000006   Code   RO         1053    i.MCI_GetSTMState   mc_interface.o
    0x08001ebc   0x08001ebc   0x00000008   Code   RO         1055    i.MCI_GetTeref      mc_interface.o
    0x08001ec4   0x08001ec4   0x00000008   Code   RO         1056    i.MCI_GetValphabeta  mc_interface.o
    0x08001ecc   0x08001ecc   0x00000008   Code   RO         1057    i.MCI_GetVqd        mc_interface.o
    0x08001ed4   0x08001ed4   0x00000014   Code   RO         1058    i.MCI_Init          mc_interface.o
    0x08001ee8   0x08001ee8   0x00000014   Code   RO         1061    i.MCI_SetCurrentReferences  mc_interface.o
    0x08001efc   0x08001efc   0x0000000a   Code   RO         1062    i.MCI_SetIdref      mc_interface.o
    0x08001f06   0x08001f06   0x00000016   Code   RO         1063    i.MCI_StartMotor    mc_interface.o
    0x08001f1c   0x08001f1c   0x00000008   Code   RO         1064    i.MCI_StopMotor     mc_interface.o
    0x08001f24   0x08001f24   0x00000006   Code   RO         1065    i.MCI_StopRamp      mc_interface.o
    0x08001f2a   0x08001f2a   0x00000002   PAD
    0x08001f2c   0x08001f2c   0x0000004c   Code   RO          969    i.MCM_Clarke        mc_math.o
    0x08001f78   0x08001f78   0x00000084   Code   RO          970    i.MCM_Park          mc_math.o
    0x08001ffc   0x08001ffc   0x00000036   Code   RO          971    i.MCM_Rev_Park      mc_math.o
    0x08002032   0x08002032   0x00000002   PAD
    0x08002034   0x08002034   0x00000018   Code   RO          973    i.MCM_Trig_Functions  mc_math.o
    0x0800204c   0x0800204c   0x00000044   Code   RO          623    i.MCP_Init          motor_control_protocol.o
    0x08002090   0x08002090   0x00000008   Code   RO          624    i.MCP_OnTimeOut     motor_control_protocol.o
    0x08002098   0x08002098   0x0000070c   Code   RO          625    i.MCP_ReceivedFrame  motor_control_protocol.o
    0x080027a4   0x080027a4   0x00000008   Code   RO          630    i.MCP_SentFrame     motor_control_protocol.o
    0x080027ac   0x080027ac   0x0000001a   Code   RO          631    i.MCP_WaitNextFrame  motor_control_protocol.o
    0x080027c6   0x080027c6   0x00000002   PAD
    0x080027c8   0x080027c8   0x0000000c   Code   RO          435    i.MC_GetSTMStateMotor1  mc_api.o
    0x080027d4   0x080027d4   0x00000020   Code   RO          750    i.MC_RunMotorControlTasks  mc_tasks.o
    0x080027f4   0x080027f4   0x00000040   Code   RO          751    i.MC_Scheduler      mc_tasks.o
    0x08002834   0x08002834   0x0000000c   Code   RO          445    i.MC_StartMotor1    mc_api.o
    0x08002840   0x08002840   0x0000000c   Code   RO          446    i.MC_StopMotor1     mc_api.o
    0x0800284c   0x0800284c   0x000001b8   Code   RO          752    i.MCboot            mc_tasks.o
    0x08002a04   0x08002a04   0x00000046   Code   RO         3890    i.MPM_CalcElMotorPower  motor_power_measurement.o
    0x08002a4a   0x08002a4a   0x0000001a   Code   RO         3891    i.MPM_Clear         motor_power_measurement.o
    0x08002a64   0x08002a64   0x00000006   Code   RO         3892    i.MPM_GetAvrgElMotorPowerW  motor_power_measurement.o
    0x08002a6a   0x08002a6a   0x00000002   PAD
    0x08002a6c   0x08002a6c   0x00000038   Code   RO          347    i.MX_MotorControl_Init  motorcontrol.o
    0x08002aa4   0x08002aa4   0x000002dc   Code   RO           14    i.MX_TIM1_Init      main.o
    0x08002d80   0x08002d80   0x0000003a   Code   RO         3932    i.NTC_CalcAvTemp    ntc_temperature_sensor.o
    0x08002dba   0x08002dba   0x00000006   Code   RO         3934    i.NTC_Clear         ntc_temperature_sensor.o
    0x08002dc0   0x08002dc0   0x00000028   Code   RO         3935    i.NTC_GetAvTemp_C   ntc_temperature_sensor.o
    0x08002de8   0x08002de8   0x00000024   Code   RO         3937    i.NTC_Init          ntc_temperature_sensor.o
    0x08002e0c   0x08002e0c   0x00000018   Code   RO         3938    i.NTC_SetFaultState  ntc_temperature_sensor.o
    0x08002e24   0x08002e24   0x00000006   Code   RO         4043    i.PID_GetKD         pid_regulator.o
    0x08002e2a   0x08002e2a   0x00000006   Code   RO         4045    i.PID_GetKI         pid_regulator.o
    0x08002e30   0x08002e30   0x00000004   Code   RO         4046    i.PID_GetKIDivisor  pid_regulator.o
    0x08002e34   0x08002e34   0x00000006   Code   RO         4047    i.PID_GetKP         pid_regulator.o
    0x08002e3a   0x08002e3a   0x00000004   Code   RO         4048    i.PID_GetKPDivisor  pid_regulator.o
    0x08002e3e   0x08002e3e   0x00000014   Code   RO         4049    i.PID_HandleInit    pid_regulator.o
    0x08002e52   0x08002e52   0x00000004   Code   RO         4050    i.PID_SetIntegralTerm  pid_regulator.o
    0x08002e56   0x08002e56   0x00000004   Code   RO         4051    i.PID_SetKD         pid_regulator.o
    0x08002e5a   0x08002e5a   0x00000004   Code   RO         4053    i.PID_SetKI         pid_regulator.o
    0x08002e5e   0x08002e5e   0x00000004   Code   RO         4055    i.PID_SetKP         pid_regulator.o
    0x08002e62   0x08002e62   0x00000002   PAD
    0x08002e64   0x08002e64   0x00000080   Code   RO         4062    i.PI_Controller     pid_regulator.o
    0x08002ee4   0x08002ee4   0x00000060   Code   RO         4196    i.PQD_CalcElMotorPower  pqd_motor_power_measurement.o
    0x08002f44   0x08002f44   0x00000004   Code   RO         4220    i.PWMC_CheckOverCurrent  pwm_curr_fdbk.o
    0x08002f48   0x08002f48   0x00000042   Code   RO         4221    i.PWMC_CurrentReadingCalibr  pwm_curr_fdbk.o
    0x08002f8a   0x08002f8a   0x00000004   Code   RO         4222    i.PWMC_GetPhaseCurrents  pwm_curr_fdbk.o
    0x08002f8e   0x08002f8e   0x000001f0   Code   RO         4240    i.PWMC_SetPhaseVoltage  pwm_curr_fdbk.o
    0x0800317e   0x0800317e   0x00000004   Code   RO         4241    i.PWMC_SwitchOffPWM  pwm_curr_fdbk.o
    0x08003182   0x08003182   0x00000004   Code   RO         4242    i.PWMC_SwitchOnPWM  pwm_curr_fdbk.o
    0x08003186   0x08003186   0x00000004   Code   RO         4243    i.PWMC_TurnOnLowSides  pwm_curr_fdbk.o
    0x0800318a   0x0800318a   0x00000002   PAD
    0x0800318c   0x0800318c   0x000000f4   Code   RO         4888    i.R3_2_ADCxInit     r3_2_g4xx_pwm_curr_fdbk.o
    0x08003280   0x08003280   0x00000036   Code   RO         4889    i.R3_2_BRK2_IRQHandler  r3_2_g4xx_pwm_curr_fdbk.o
    0x080032b6   0x080032b6   0x0000001a   Code   RO         4890    i.R3_2_BRK_IRQHandler  r3_2_g4xx_pwm_curr_fdbk.o
    0x080032d0   0x080032d0   0x0000018c   Code   RO         4891    i.R3_2_CurrentReadingPolarization  r3_2_g4xx_pwm_curr_fdbk.o
    0x0800345c   0x0800345c   0x00000120   Code   RO         4892    i.R3_2_GetPhaseCurrents  r3_2_g4xx_pwm_curr_fdbk.o
    0x0800357c   0x0800357c   0x00000058   Code   RO         4893    i.R3_2_HFCurrentsPolarizationAB  r3_2_g4xx_pwm_curr_fdbk.o
    0x080035d4   0x080035d4   0x00000048   Code   RO         4894    i.R3_2_HFCurrentsPolarizationC  r3_2_g4xx_pwm_curr_fdbk.o
    0x0800361c   0x0800361c   0x00000294   Code   RO         4895    i.R3_2_Init         r3_2_g4xx_pwm_curr_fdbk.o
    0x080038b0   0x080038b0   0x00000026   Code   RO         4896    i.R3_2_IsOverCurrentOccurred  r3_2_g4xx_pwm_curr_fdbk.o
    0x080038d6   0x080038d6   0x00000002   PAD
    0x080038d8   0x080038d8   0x000000ec   Code   RO         4897    i.R3_2_RLDetectionModeDisable  r3_2_g4xx_pwm_curr_fdbk.o
    0x080039c4   0x080039c4   0x000000bc   Code   RO         4898    i.R3_2_RLDetectionModeEnable  r3_2_g4xx_pwm_curr_fdbk.o
    0x08003a80   0x08003a80   0x00000070   Code   RO         4899    i.R3_2_RLDetectionModeSetDuty  r3_2_g4xx_pwm_curr_fdbk.o
    0x08003af0   0x08003af0   0x00000048   Code   RO         4900    i.R3_2_RLGetPhaseCurrents  r3_2_g4xx_pwm_curr_fdbk.o
    0x08003b38   0x08003b38   0x000000c0   Code   RO         4901    i.R3_2_RLSwitchOnPWM  r3_2_g4xx_pwm_curr_fdbk.o
    0x08003bf8   0x08003bf8   0x0000004c   Code   RO         4902    i.R3_2_RLTurnOnLowSides  r3_2_g4xx_pwm_curr_fdbk.o
    0x08003c44   0x08003c44   0x00000034   Code   RO         4903    i.R3_2_SetADCSampPointPolarization  r3_2_g4xx_pwm_curr_fdbk.o
    0x08003c78   0x08003c78   0x00000078   Code   RO         4904    i.R3_2_SetADCSampPointSectX  r3_2_g4xx_pwm_curr_fdbk.o
    0x08003cf0   0x08003cf0   0x000000fc   Code   RO         4905    i.R3_2_SetAOReferenceVoltage  r3_2_g4xx_pwm_curr_fdbk.o
    0x08003dec   0x08003dec   0x00000074   Code   RO         4906    i.R3_2_SwitchOffPWM  r3_2_g4xx_pwm_curr_fdbk.o
    0x08003e60   0x08003e60   0x000000c0   Code   RO         4907    i.R3_2_SwitchOnPWM  r3_2_g4xx_pwm_curr_fdbk.o
    0x08003f20   0x08003f20   0x0000008e   Code   RO         4908    i.R3_2_TIMx_UP_IRQHandler  r3_2_g4xx_pwm_curr_fdbk.o
    0x08003fae   0x08003fae   0x00000056   Code   RO         4909    i.R3_2_TurnOnLowSides  r3_2_g4xx_pwm_curr_fdbk.o
    0x08004004   0x08004004   0x00000064   Code   RO         3633    i.RCC_GetSystemClockFreq  stm32g4xx_ll_rcc.o
    0x08004068   0x08004068   0x00000098   Code   RO          884    i.RCM_ExecNextConv  regular_conversion_manager.o
    0x08004100   0x08004100   0x00000144   Code   RO          885    i.RCM_ExecRegularConv  regular_conversion_manager.o
    0x08004244   0x08004244   0x00000058   Code   RO          886    i.RCM_ExecUserConv  regular_conversion_manager.o
    0x0800429c   0x0800429c   0x00000040   Code   RO          890    i.RCM_ReadOngoingConv  regular_conversion_manager.o
    0x080042dc   0x080042dc   0x00000130   Code   RO          891    i.RCM_RegisterRegConv  regular_conversion_manager.o
    0x0800440c   0x0800440c   0x0000002c   Code   RO         4466    i.REMNG_Calc        ramp_ext_mngr.o
    0x08004438   0x08004438   0x00000082   Code   RO         4467    i.REMNG_ExecRamp    ramp_ext_mngr.o
    0x080044ba   0x080044ba   0x00000010   Code   RO         4469    i.REMNG_Init        ramp_ext_mngr.o
    0x080044ca   0x080044ca   0x0000000e   Code   RO         4470    i.REMNG_RampCompleted  ramp_ext_mngr.o
    0x080044d8   0x080044d8   0x00000064   Code   RO         4418    i.RVBS_CalcAvVbus   r_divider_bus_voltage_sensor.o
    0x0800453c   0x0800453c   0x00000018   Code   RO         4420    i.RVBS_CheckFaultState  r_divider_bus_voltage_sensor.o
    0x08004554   0x08004554   0x0000002c   Code   RO         4421    i.RVBS_Clear        r_divider_bus_voltage_sensor.o
    0x08004580   0x08004580   0x00000016   Code   RO         4422    i.RVBS_Init         r_divider_bus_voltage_sensor.o
    0x08004596   0x08004596   0x00000006   Code   RO         4527    i.SPD_GetAvrgMecSpeedUnit  speed_pos_fdbk.o
    0x0800459c   0x0800459c   0x00000006   Code   RO         4528    i.SPD_GetElAngle    speed_pos_fdbk.o
    0x080045a2   0x080045a2   0x00000006   Code   RO         4531    i.SPD_GetInstElSpeedDpp  speed_pos_fdbk.o
    0x080045a8   0x080045a8   0x00000014   Code   RO         4533    i.SPD_GetS16Speed   speed_pos_fdbk.o
    0x080045bc   0x080045bc   0x00000060   Code   RO         4534    i.SPD_IsMecSpeedReliable  speed_pos_fdbk.o
    0x0800461c   0x0800461c   0x0000005c   Code   RO         4604    i.STC_CalcTorqueReference  speed_torq_ctrl.o
    0x08004678   0x08004678   0x00000010   Code   RO         4605    i.STC_Clear         speed_torq_ctrl.o
    0x08004688   0x08004688   0x00000092   Code   RO         4606    i.STC_ExecRamp      speed_torq_ctrl.o
    0x0800471a   0x0800471a   0x00000010   Code   RO         4607    i.STC_ForceSpeedReferenceToCurrentSpeed  speed_torq_ctrl.o
    0x0800472a   0x0800472a   0x00000010   Code   RO         4609    i.STC_GetDefaultIqdref  speed_torq_ctrl.o
    0x0800473a   0x0800473a   0x00000004   Code   RO         4610    i.STC_GetMaxAppPositiveMecSpeedUnit  speed_torq_ctrl.o
    0x0800473e   0x0800473e   0x0000000c   Code   RO         4611    i.STC_GetMecSpeedRefUnit  speed_torq_ctrl.o
    0x0800474a   0x0800474a   0x00000006   Code   RO         4612    i.STC_GetMecSpeedRefUnitDefault  speed_torq_ctrl.o
    0x08004750   0x08004750   0x00000006   Code   RO         4613    i.STC_GetMinAppNegativeMecSpeedUnit  speed_torq_ctrl.o
    0x08004756   0x08004756   0x00000004   Code   RO         4614    i.STC_GetSpeedSensor  speed_torq_ctrl.o
    0x0800475a   0x0800475a   0x0000000c   Code   RO         4615    i.STC_GetTorqueRef  speed_torq_ctrl.o
    0x08004766   0x08004766   0x00000020   Code   RO         4616    i.STC_Init          speed_torq_ctrl.o
    0x08004786   0x08004786   0x00000008   Code   RO         4618    i.STC_SetControlMode  speed_torq_ctrl.o
    0x0800478e   0x0800478e   0x00000004   Code   RO         4620    i.STC_SetSpeedSensor  speed_torq_ctrl.o
    0x08004792   0x08004792   0x00000008   Code   RO         4621    i.STC_StopRamp      speed_torq_ctrl.o
    0x0800479a   0x0800479a   0x00000016   Code   RO         4736    i.STM_FaultAcknowledged  state_machine.o
    0x080047b0   0x080047b0   0x00000036   Code   RO         4737    i.STM_FaultProcessing  state_machine.o
    0x080047e6   0x080047e6   0x0000000a   Code   RO         4738    i.STM_GetFaultState  state_machine.o
    0x080047f0   0x080047f0   0x00000004   Code   RO         4739    i.STM_GetState      state_machine.o
    0x080047f4   0x080047f4   0x0000000a   Code   RO         4740    i.STM_Init          state_machine.o
    0x080047fe   0x080047fe   0x000000fe   Code   RO         4741    i.STM_NextState     state_machine.o
    0x080048fc   0x080048fc   0x00000028   Code   RO         1263    i.SysTick_Handler   stm32g4xx_mc_it.o
    0x08004924   0x08004924   0x00000120   Code   RO           15    i.SystemClock_Config  main.o
    0x08004a44   0x08004a44   0x0000001c   Code   RO         3754    i.SystemInit        system_stm32g4xx.o
    0x08004a60   0x08004a60   0x00000044   Code   RO         1264    i.TIM1_BRK_TIM15_IRQHandler  stm32g4xx_mc_it.o
    0x08004aa4   0x08004aa4   0x00000018   Code   RO         1265    i.TIM1_UP_TIM16_IRQHandler  stm32g4xx_mc_it.o
    0x08004abc   0x08004abc   0x00000014   Code   RO          753    i.TSK_ChargeBootCapDelayHasElapsedM1  mc_tasks.o
    0x08004ad0   0x08004ad0   0x00000020   Code   RO          754    i.TSK_HardwareFaultTask  mc_tasks.o
    0x08004af0   0x08004af0   0x00000160   Code   RO          755    i.TSK_HighFrequencyTask  mc_tasks.o
    0x08004c50   0x08004c50   0x000002c0   Code   RO          756    i.TSK_MediumFrequencyTaskM1  mc_tasks.o
    0x08004f10   0x08004f10   0x00000020   Code   RO          757    i.TSK_SafetyTask    mc_tasks.o
    0x08004f30   0x08004f30   0x00000098   Code   RO          758    i.TSK_SafetyTask_PWMOFF  mc_tasks.o
    0x08004fc8   0x08004fc8   0x0000000c   Code   RO          759    i.TSK_SetChargeBootCapDelayM1  mc_tasks.o
    0x08004fd4   0x08004fd4   0x0000000c   Code   RO          760    i.TSK_SetStopPermanencyTimeM1  mc_tasks.o
    0x08004fe0   0x08004fe0   0x00000014   Code   RO          761    i.TSK_StopPermanencyTimeHasElapsedM1  mc_tasks.o
    0x08004ff4   0x08004ff4   0x00000008   Code   RO         5187    i.UFCP_AbortReceive  usart_frame_communication_protocol.o
    0x08004ffc   0x08004ffc   0x00000004   Code   RO         5188    i.UFCP_Init         usart_frame_communication_protocol.o
    0x08005000   0x08005000   0x00000014   Code   RO         5189    i.UFCP_OVR_IRQ_Handler  usart_frame_communication_protocol.o
    0x08005014   0x08005014   0x000000c0   Code   RO         5190    i.UFCP_RX_IRQ_Handler  usart_frame_communication_protocol.o
    0x080050d4   0x080050d4   0x00000028   Code   RO         5191    i.UFCP_Receive      usart_frame_communication_protocol.o
    0x080050fc   0x080050fc   0x00000056   Code   RO         5192    i.UFCP_Send         usart_frame_communication_protocol.o
    0x08005152   0x08005152   0x00000064   Code   RO         5194    i.UFCP_TX_IRQ_Handler  usart_frame_communication_protocol.o
    0x080051b6   0x080051b6   0x0000000a   Code   RO         1457    i.UI_DACExec        user_interface.o
    0x080051c0   0x080051c0   0x0000000a   Code   RO         1458    i.UI_DACInit        user_interface.o
    0x080051ca   0x080051ca   0x00000002   PAD
    0x080051cc   0x080051cc   0x00000020   Code   RO         1355    i.UI_DACUpdate      ui_task.o
    0x080051ec   0x080051ec   0x0000006e   Code   RO         1459    i.UI_ExecCmd        user_interface.o
    0x0800525a   0x0800525a   0x00000002   PAD
    0x0800525c   0x0800525c   0x00000030   Code   RO         1460    i.UI_ExecSpeedRamp  user_interface.o
    0x0800528c   0x0800528c   0x00000014   Code   RO         1461    i.UI_ExecTorqueRamp  user_interface.o
    0x080052a0   0x080052a0   0x00000010   Code   RO         1462    i.UI_GetDAC         user_interface.o
    0x080052b0   0x080052b0   0x00000004   Code   RO         1463    i.UI_GetMPInfo      user_interface.o
    0x080052b4   0x080052b4   0x0000059c   Code   RO         1464    i.UI_GetReg         user_interface.o
    0x08005850   0x08005850   0x0000004a   Code   RO         1465    i.UI_GetRevupData   user_interface.o
    0x0800589a   0x0800589a   0x00000006   Code   RO         1466    i.UI_GetSelectedMC  user_interface.o
    0x080058a0   0x080058a0   0x00000018   Code   RO         1356    i.UI_HandleStartStopButton_cb  ui_task.o
    0x080058b8   0x080058b8   0x00000016   Code   RO         1468    i.UI_Init           user_interface.o
    0x080058ce   0x080058ce   0x00000002   PAD
    0x080058d0   0x080058d0   0x0000002c   Code   RO         1358    i.UI_Scheduler      ui_task.o
    0x080058fc   0x080058fc   0x00000012   Code   RO         1469    i.UI_SelectMC       user_interface.o
    0x0800590e   0x0800590e   0x00000002   PAD
    0x08005910   0x08005910   0x0000000c   Code   RO         1361    i.UI_SerialCommunicationTimeOutStart  ui_task.o
    0x0800591c   0x0800591c   0x0000000c   Code   RO         1362    i.UI_SerialCommunicationTimeOutStop  ui_task.o
    0x08005928   0x08005928   0x0000001a   Code   RO         1470    i.UI_SetCurrentReferences  user_interface.o
    0x08005942   0x08005942   0x0000000a   Code   RO         1471    i.UI_SetDAC         user_interface.o
    0x0800594c   0x0800594c   0x00000248   Code   RO         1472    i.UI_SetReg         user_interface.o
    0x08005b94   0x08005b94   0x00000038   Code   RO         1473    i.UI_SetRevupData   user_interface.o
    0x08005bcc   0x08005bcc   0x000000b0   Code   RO         1364    i.UI_TaskInit       ui_task.o
    0x08005c7c   0x08005c7c   0x00000068   Code   RO         1266    i.USART2_IRQHandler  stm32g4xx_mc_it.o
    0x08005ce4   0x08005ce4   0x0000000a   Code   RO         3792    i.VBS_GetAvBusVoltage_V  bus_voltage_sensor.o
    0x08005cee   0x08005cee   0x00000004   Code   RO         3793    i.VBS_GetAvBusVoltage_d  bus_voltage_sensor.o
    0x08005cf2   0x08005cf2   0x0000009c   Code   RO         4790    i.VSS_CalcAvrgMecSpeedUnit  virtual_speed_sensor.o
    0x08005d8e   0x08005d8e   0x0000009e   Code   RO         4791    i.VSS_CalcElAngle   virtual_speed_sensor.o
    0x08005e2c   0x08005e2c   0x0000002c   Code   RO         4792    i.VSS_Clear         virtual_speed_sensor.o
    0x08005e58   0x08005e58   0x00000008   Code   RO         4794    i.VSS_Init          virtual_speed_sensor.o
    0x08005e60   0x08005e60   0x00000008   Code   RO         4797    i.VSS_SetCopyObserver  virtual_speed_sensor.o
    0x08005e68   0x08005e68   0x0000007c   Code   RO         4799    i.VSS_SetMecAcceleration  virtual_speed_sensor.o
    0x08005ee4   0x08005ee4   0x0000000e   Code   RO         4800    i.VSS_SetMecAngle   virtual_speed_sensor.o
    0x08005ef2   0x08005ef2   0x0000001c   Code   RO         4801    i.VSS_SetStartTransition  virtual_speed_sensor.o
    0x08005f0e   0x08005f0e   0x00000006   Code   RO         4802    i.VSS_TransitionEnded  virtual_speed_sensor.o
    0x08005f14   0x08005f14   0x0000000e   Code   RO         5302    i.__scatterload_copy  mc_w.l(handlers.o)
    0x08005f22   0x08005f22   0x00000002   Code   RO         5303    i.__scatterload_null  mc_w.l(handlers.o)
    0x08005f24   0x08005f24   0x0000000e   Code   RO         5304    i.__scatterload_zeroinit  mc_w.l(handlers.o)
    0x08005f32   0x08005f32   0x00000002   PAD
    0x08005f34   0x08005f34   0x00000028   Code   RO         4472    i.getScalingFactor  ramp_ext_mngr.o
    0x08005f5c   0x08005f5c   0x000007d8   Code   RO           16    i.main              main.o
    0x08006734   0x08006734   0x000000cc   Code   RO          762    i.mc_lock_pins      mc_tasks.o
    0x08006800   0x08006800   0x0000006c   Code   RO         4382    i.startTimers       pwm_common.o
    0x0800686c   0x0800686c   0x00000060   Code   RO         4383    i.waitForPolarizationEnd  pwm_common.o
    0x080068cc   0x080068cc   0x00000014   Data   RO           17    .constdata          main.o
    0x080068e0   0x080068e0   0x00000020   Data   RO          348    .constdata          motorcontrol.o
    0x08006900   0x08006900   0x00000002   Data   RO          764    .constdata          mc_tasks.o
    0x08006902   0x08006902   0x00000002   PAD
    0x08006904   0x08006904   0x000000c4   Data   RO         1330    .constdata          mc_parameters.o
    0x080069c8   0x080069c8   0x00000030   Data   RO         3569    .constdata          stm32g4xx_ll_usart.o
    0x080069f8   0x080069f8   0x00000010   Data   RO         3755    .constdata          system_stm32g4xx.o
    0x08006a08   0x08006a08   0x00000008   Data   RO         3756    .constdata          system_stm32g4xx.o
    0x08006a10   0x08006a10   0x00000014   Data   RO         4911    .constdata          r3_2_g4xx_pwm_curr_fdbk.o
    0x08006a24   0x08006a24   0x00000006   Data   RO         5195    .constdata          usart_frame_communication_protocol.o
    0x08006a2a   0x08006a2a   0x00000002   PAD
    0x08006a2c   0x08006a2c   0x00000020   Data   RO         5300    Region$$Table       anon$$obj.o


    Execution Region RW_IRAM1 (Exec base: 0x20000000, Load base: 0x08006a4c, Size: 0x00000d28, Max: 0x00008000, ABSOLUTE, COMPRESSED[0x00000204])

    Exec Addr    Load Addr    Size         Type   Attr      Idx    E Section Name        Object

    0x20000000   COMPRESSED   0x0000000c   Data   RW          349    .data               motorcontrol.o
    0x2000000c   COMPRESSED   0x00000008   Data   RW          632    .data               motor_control_protocol.o
    0x20000014   COMPRESSED   0x00000114   Data   RW          699    .data               mc_config.o
    0x20000128   COMPRESSED   0x0000002c   Data   RW          701    .data               mc_config.o
    0x20000154   COMPRESSED   0x0000002c   Data   RW          702    .data               mc_config.o
    0x20000180   COMPRESSED   0x0000002c   Data   RW          703    .data               mc_config.o
    0x200001ac   COMPRESSED   0x00000034   Data   RW          704    .data               mc_config.o
    0x200001e0   COMPRESSED   0x00000078   Data   RW          705    .data               mc_config.o
    0x20000258   COMPRESSED   0x0000007c   Data   RW          706    .data               mc_config.o
    0x200002d4   COMPRESSED   0x00000038   Data   RW          707    .data               mc_config.o
    0x2000030c   COMPRESSED   0x00000128   Data   RW          708    .data               mc_config.o
    0x20000434   COMPRESSED   0x00000014   Data   RW          710    .data               mc_config.o
    0x20000448   COMPRESSED   0x00000028   Data   RW          711    .data               mc_config.o
    0x20000470   COMPRESSED   0x00000028   Data   RW          712    .data               mc_config.o
    0x20000498   COMPRESSED   0x00000030   Data   RW          713    .data               mc_config.o
    0x200004c8   COMPRESSED   0x0000003c   Data   RW          714    .data               mc_config.o
    0x20000504   COMPRESSED   0x00000018   Data   RW          715    .data               mc_config.o
    0x2000051c   COMPRESSED   0x000000b4   Data   RW          716    .data               mc_config.o
    0x200005d0   COMPRESSED   0x0000013c   Data   RW          717    .data               mc_config.o
    0x2000070c   COMPRESSED   0x0000003a   Data   RW          765    .data               mc_tasks.o
    0x20000746   COMPRESSED   0x00000006   Data   RW          895    .data               regular_conversion_manager.o
    0x2000074c   COMPRESSED   0x00000001   Data   RW         1267    .data               stm32g4xx_mc_it.o
    0x2000074d   COMPRESSED   0x00000003   PAD
    0x20000750   COMPRESSED   0x00000010   Data   RW         1366    .data               ui_task.o
    0x20000760   COMPRESSED   0x0000000c   Data   RW         1965    .data               stm32g4xx_hal.o
    0x2000076c   COMPRESSED   0x00000004   Data   RW         3757    .data               system_stm32g4xx.o
    0x20000770        -       0x0000000c   Zero   RW          698    .bss                mc_config.o
    0x2000077c        -       0x00000098   Zero   RW          763    .bss                mc_tasks.o
    0x20000814        -       0x00000048   Zero   RW          894    .bss                regular_conversion_manager.o
    0x2000085c        -       0x000000cc   Zero   RW         1365    .bss                ui_task.o
    0x20000928        -       0x00000400   Zero   RW            1    STACK               startup_stm32g431xx.o


==============================================================================

Image component sizes


      Code (inc. data)   RO Data    RW Data    ZI Data      Debug   Object Name

        14          0          0          0          0       1632   bus_voltage_sensor.o
        86          0          0          0          0       1328   circle_limitation.o
        34          0          0          0          0       3070   dac_common_ui.o
        68         14          0          0          0      17126   dac_ui.o
         0          0          0          0          0       4192   digital_output.o
       102          0          0          0          0       2605   frame_communication_protocol.o
      3028        150         20          0          0     804751   main.o
        36         12          0          0          0       1372   mc_api.o
         0          0          0       1784         12       1689   mc_config.o
       418          0          0          0          0      13778   mc_interface.o
       286         22          0          0          0       8480   mc_math.o
         0          0        196          0          0        204   mc_parameters.o
      2238        284          2         58        152      18034   mc_tasks.o
      1914        642          0          8          0       6396   motor_control_protocol.o
       102          0          0          0          0       2442   motor_power_measurement.o
        56          8         32         12          0       1255   motorcontrol.o
       164          0          0          0          0       3746   ntc_temperature_sensor.o
       190          6          0          0          0       7421   pid_regulator.o
        96          6          0          0          0       1195   pqd_motor_power_measurement.o
       204          8          0          0          0      52171   pwm_common.o
       582          0          0          0          0       5772   pwm_curr_fdbk.o
      3946        144         20          0          0     174979   r3_2_g4xx_pwm_curr_fdbk.o
       190          0          0          0          0       3438   r_divider_bus_voltage_sensor.o
       244          0          0          0          0       4276   ramp_ext_mngr.o
       932         82          0          6         72      71481   regular_conversion_manager.o
       134          0          0          0          0       3906   speed_pos_fdbk.o
       382          0          0          0          0      10485   speed_torq_ctrl.o
        36          8        472          0       1024        820   startup_stm32g431xx.o
       354         22          0          0          0       4688   state_machine.o
       114         14          0         12          0       3075   stm32g4xx_hal.o
       190         16          0          0          0      33726   stm32g4xx_hal_cortex.o
        56          6          0          0          0        818   stm32g4xx_hal_msp.o
        16          4          0          0          0        551   stm32g4xx_hal_pwr_ex.o
        12          6          0          0          0       1598   stm32g4xx_hal_rcc.o
       324          8          0          0          0      78522   stm32g4xx_ll_adc.o
       216          0          0          0          0      21406   stm32g4xx_ll_dac.o
       436         18          0          0          0       7511   stm32g4xx_ll_exti.o
       338          0          0          0          0       7339   stm32g4xx_ll_gpio.o
       532         46          0          0          0      26395   stm32g4xx_ll_rcc.o
      1184         58          0          0          0      56146   stm32g4xx_ll_tim.o
       240          8         48          0          0      26540   stm32g4xx_ll_usart.o
        12          6          0          0          0       6216   stm32g4xx_ll_utils.o
       390         44          0          1          0      74752   stm32g4xx_mc_it.o
        28          8         24          4          0       1087   system_stm32g4xx.o
       300         48          0         16        204       3985   ui_task.o
       450         14          6          0          0      31450   usart_frame_communication_protocol.o
      2450        114          0          0          0      17438   user_interface.o
       546          0          0          0          0       7084   virtual_speed_sensor.o

    ----------------------------------------------------------------------
     23706       1826        856       1904       1464    1638371   Object Totals
         0          0         32          0          0          0   (incl. Generated)
        36          0          4          3          0          0   (incl. Padding)

    ----------------------------------------------------------------------

      Code (inc. data)   RO Data    RW Data    ZI Data      Debug   Library Member Name

       994          0          0          0          0        520   revup_ctrl.o
      1478          4          0          0          0        800   sto_pll_speed_pos_fdbk.o
        86          0          0          0          0          0   __dczerorl2.o
         0          0          0          0          0          0   entry.o
         0          0          0          0          0          0   entry10a.o
         0          0          0          0          0          0   entry11a.o
         8          4          0          0          0          0   entry2.o
         4          0          0          0          0          0   entry5.o
         0          0          0          0          0          0   entry7b.o
         0          0          0          0          0          0   entry8b.o
         8          4          0          0          0          0   entry9a.o
        30          0          0          0          0          0   handlers.o
        36          8          0          0          0         68   init.o

    ----------------------------------------------------------------------
      2650         20          0          0          0       1388   Library Totals
         6          0          0          0          0          0   (incl. Padding)

    ----------------------------------------------------------------------

      Code (inc. data)   RO Data    RW Data    ZI Data      Debug   Library Name

      2472          4          0          0          0       1320   libmc-keil_M4.lib
       172         16          0          0          0         68   mc_w.l

    ----------------------------------------------------------------------
      2650         20          0          0          0       1388   Library Totals

    ----------------------------------------------------------------------

==============================================================================


      Code (inc. data)   RO Data    RW Data    ZI Data      Debug   

     26356       1846        856       1904       1464    1616843   Grand Totals
     26356       1846        856        516       1464    1616843   ELF Image Totals (compressed)
     26356       1846        856        516          0          0   ROM Totals

==============================================================================

    Total RO  Size (Code + RO Data)                27212 (  26.57kB)
    Total RW  Size (RW Data + ZI Data)              3368 (   3.29kB)
    Total ROM Size (Code + RO Data + RW Data)      27728 (  27.08kB)

==============================================================================

