<html>
<body>
<pre>
<h1>µVision Build Log</h1>
<h2>Tool Versions:</h2>
IDE-Version: ¦ÌVision V5.24.2.0
Copyright (C) 2017 ARM Ltd and ARM Germany GmbH. All rights reserved.
License Information: xdfv  mn, bnm, LIC=HN0AE-5236B-9US4U-S6FLP-EHBEL-T58CP
 
Tool Versions:
Toolchain:       MDK-ARM Plus  Version: 5.24.1
Toolchain Path:  E:\stm32\ARM\ARMCC\Bin
C Compiler:      Armcc.exe V5.06 update 5 (build 528)
Assembler:       Armasm.exe V5.06 update 5 (build 528)
Linker/Locator:  ArmLink.exe V5.06 update 5 (build 528)
Library Manager: ArmAr.exe V5.06 update 5 (build 528)
Hex Converter:   FromElf.exe V5.06 update 5 (build 528)
CPU DLL:         SARMCM3.DLL V5.24.1
Dialog DLL:      DCM.DLL V1.16.0.0
Target DLL:      STLink\ST-LINKIII-KEIL_SWO.dll V3.0.1.0
Dialog DLL:      TCM.DLL V1.32.0.0
 
<h2>Project:</h2>
F:\MC_SDK_5.4.5\Noname\MDK-ARM\Noname.uvprojx
Project File Date:  01/30/2026

<h2>Output:</h2>
*** Using Compiler 'V5.06 update 5 (build 528)', folder: 'E:\stm32\ARM\ARMCC\Bin'
Rebuild target 'Noname'
assembling startup_stm32g431xx.s...
compiling motor_control_protocol.c...
compiling mc_api.c...
compiling motorcontrol.c...
compiling main.c...
compiling mc_config.c...
compiling mc_math.c...
compiling regular_conversion_manager.c...
compiling mc_interface.c...
compiling stm32g4xx_mc_it.c...
compiling mc_tasks.c...
compiling ui_task.c...
compiling user_interface.c...
compiling dac_ui.c...
compiling stm32g4xx_it.c...
compiling mc_parameters.c...
compiling stm32g4xx_ll_exti.c...
compiling stm32g4xx_ll_gpio.c...
compiling stm32g4xx_ll_utils.c...
compiling stm32g4xx_ll_adc.c...
compiling stm32g4xx_hal.c...
compiling stm32g4xx_hal_rcc.c...
compiling stm32g4xx_ll_dma.c...
compiling stm32g4xx_hal_flash.c...
compiling stm32g4xx_hal_rcc_ex.c...
compiling stm32g4xx_hal_msp.c...
compiling stm32g4xx_hal_flash_ramfunc.c...
compiling stm32g4xx_hal_flash_ex.c...
compiling stm32g4xx_hal_gpio.c...
compiling stm32g4xx_hal_dma.c...
compiling stm32g4xx_hal_dma_ex.c...
compiling stm32g4xx_hal_pwr.c...
compiling stm32g4xx_hal_exti.c...
compiling stm32g4xx_hal_cortex.c...
compiling stm32g4xx_ll_cordic.c...
compiling stm32g4xx_hal_tim.c...
compiling stm32g4xx_ll_dac.c...
compiling stm32g4xx_hal_pwr_ex.c...
compiling stm32g4xx_hal_tim_ex.c...
compiling system_stm32g4xx.c...
compiling stm32g4xx_ll_rcc.c...
compiling stm32g4xx_ll_tim.c...
compiling stm32g4xx_ll_usart.c...
compiling circle_limitation.c...
compiling motor_power_measurement.c...
compiling bus_voltage_sensor.c...
compiling digital_output.c...
compiling ntc_temperature_sensor.c...
compiling pqd_motor_power_measurement.c...
compiling pid_regulator.c...
compiling pwm_common.c...
compiling open_loop.c...
compiling pwm_curr_fdbk.c...
compiling state_machine.c...
compiling ramp_ext_mngr.c...
compiling speed_torq_ctrl.c...
compiling speed_pos_fdbk.c...
compiling r_divider_bus_voltage_sensor.c...
compiling virtual_speed_sensor.c...
compiling frame_communication_protocol.c...
compiling r3_2_g4xx_pwm_curr_fdbk.c...
compiling ui_irq_handler.c...
compiling dac_common_ui.c...
compiling usart_frame_communication_protocol.c...
linking...
Program Size: Code=26356 RO-data=856 RW-data=1904 ZI-data=1464  
FromELF: creating hex file...
"Noname\Noname.axf" - 0 Error(s), 0 Warning(s).

<h2>Software Packages used:</h2>

Package Vendor: ARM
                http://www.keil.com/pack/ARM.CMSIS.5.0.1.pack
                ARM.CMSIS.5.0.1
                CMSIS (Cortex Microcontroller Software Interface Standard)
   * Component: CORE Version: 5.0.1

Package Vendor: Keil
                https://www.keil.com/pack/Keil.STM32G4xx_DFP.1.5.0.pack
                Keil.STM32G4xx_DFP.1.5.0
                STMicroelectronics STM32G4 Series Device Support, Drivers and Examples

<h2>Collection of Component include folders:</h2>
  .\RTE\_Noname
  E:\stm32\ARM\CMSIS\5.0.1\CMSIS\Include
  E:\stm32\Keil\STM32G4xx_DFP\1.5.0\Drivers\CMSIS\Device\ST\STM32G4xx\Include

<h2>Collection of Component Files used:</h2>

   * Component: ARM::CMSIS:CORE:5.0.1
Build Time Elapsed:  00:01:16
</pre>
</body>
</html>
